This is pdfTeX, Version 3.141592653-2.6-1.40.29 (TeX Live 2026/Homebrew) (preloaded format=pdflatex 2026.3.4)  23 MAY 2026 01:38
entering extended mode
 restricted \write18 enabled.
 %&-line parsing enabled.
**final_3.tex
(./final_3.tex
LaTeX2e <2025-11-01>
L3 programming layer <2026-01-19>
(./wlscirep.cls
Document Class: wlscirep 08/08/2020, v1.4

(/opt/homebrew/Cellar/texlive/20260301/share/texmf-dist/tex/latex/base/inputenc
.sty
Package: inputenc 2024/02/08 v1.3d Input encoding file
\inpenc@prehook=\toks17
\inpenc@posthook=\toks18
)
(/opt/homebrew/Cellar/texlive/20260301/share/texmf-dist/tex/generic/babel/babel
.sty
Package: babel 2026/02/14 v26.3 The multilingual framework for LuaLaTeX, pdfLaT
eX and XeLaTeX
\babel@savecnt=\count275
LaTeX Encoding Info:    Redeclaring text command \ij (encoding OT1) on input li
ne 2078.
LaTeX Encoding Info:    Redeclaring text command \IJ (encoding OT1) on input li
ne 2080.
LaTeX Encoding Info:    Redeclaring text command \ij (encoding T1) on input lin
e 2082.
LaTeX Encoding Info:    Redeclaring text command \IJ (encoding T1) on input lin
e 2083.
LaTeX Encoding Info:    Ignoring declaration for text command \ij (encoding ?) 
on input line 2084.
LaTeX Encoding Info:    Ignoring declaration for text command \IJ (encoding ?) 
on input line 2086.
LaTeX Encoding Info:    Ignoring declaration for text command \SS (encoding ?) 
on input line 2111.
\U@D=\dimen148
\l@unhyphenated=\language91

(/opt/homebrew/Cellar/texlive/20260301/share/texmf-dist/tex/generic/babel/txtba
bel.def)
\bbl@readstream=\read2
\bbl@dirlevel=\count276

(/opt/homebrew/Cellar/texlive/20260301/share/texmf-dist/tex/generic/babel/local
e/en/babel-english.tex)
Package babel Info: Importing font and identification data for english
(babel)             from babel-en.ini. Reported on input line 4330.

(/opt/homebrew/Cellar/texlive/20260301/share/texmf-dist/tex/generic/babel-engli
sh/english.ldf
Language: english 2017/06/06 v3.3r English support from the babel system
Package babel Info: Hyphen rules for 'canadian' set to \l@english
(babel)             (\language0). Reported on input line 102.
Package babel Info: Hyphen rules for 'australian' set to \l@ukenglish
(babel)             (\language22). Reported on input line 105.
Package babel Info: Hyphen rules for 'newzealand' set to \l@ukenglish
(babel)             (\language22). Reported on input line 108.
))
(/opt/homebrew/Cellar/texlive/20260301/share/texmf-dist/tex/latex/base/ifthen.s
ty
Package: ifthen 2024/03/16 v1.1e Standard LaTeX ifthen package (DPC)
)
(/opt/homebrew/Cellar/texlive/20260301/share/texmf-dist/tex/latex/tools/calc.st
y
Package: calc 2025/03/01 v4.3b Infix arithmetic (KKT,FJ)
\calc@Acount=\count277
\calc@Bcount=\count278
\calc@Adimen=\dimen149
\calc@Bdimen=\dimen150
\calc@Askip=\skip49
\calc@Bskip=\skip50
LaTeX Info: Redefining \setlength on input line 86.
LaTeX Info: Redefining \addtolength on input line 87.
\calc@Ccount=\count279
\calc@Cskip=\skip51
)
(/opt/homebrew/Cellar/texlive/20260301/share/texmf-dist/tex/latex/base/article.
cls
Document Class: article 2025/01/22 v1.4n Standard LaTeX document class

(/opt/homebrew/Cellar/texlive/20260301/share/texmf-dist/tex/latex/base/fleqn.cl
o
File: fleqn.clo 2016/12/29 v1.2b Standard LaTeX option (flush left equations)
\mathindent=\skip52
Applying: [2015/01/01] Make \[ robust on input line 50.
LaTeX Info: Redefining \[ on input line 51.
Already applied: [0000/00/00] Make \[ robust on input line 62.
Applying: [2015/01/01] Make \] robust on input line 74.
LaTeX Info: Redefining \] on input line 75.
Already applied: [0000/00/00] Make \] robust on input line 83.
)
(/opt/homebrew/Cellar/texlive/20260301/share/texmf-dist/tex/latex/base/size10.c
lo
File: size10.clo 2025/01/22 v1.4n Standard LaTeX file (size option)
)
\c@part=\count280
\c@section=\count281
\c@subsection=\count282
\c@subsubsection=\count283
\c@paragraph=\count284
\c@subparagraph=\count285
\c@figure=\count286
\c@table=\count287
\abovecaptionskip=\skip53
\belowcaptionskip=\skip54
\bibindent=\dimen151
)
(/opt/homebrew/Cellar/texlive/20260301/share/texmf-dist/tex/latex/amsmath/amsma
th.sty
Package: amsmath 2025/07/09 v2.17z AMS math features
\@mathmargin=\skip55

For additional information on amsmath, use the `?' option.

(/opt/homebrew/Cellar/texlive/20260301/share/texmf-dist/tex/latex/amsmath/amste
xt.sty
Package: amstext 2024/11/17 v2.01 AMS text

(/opt/homebrew/Cellar/texlive/20260301/share/texmf-dist/tex/latex/amsmath/amsge
n.sty
File: amsgen.sty 1999/11/30 v2.0 generic functions
\@emptytoks=\toks19
\ex@=\dimen152
))
(/opt/homebrew/Cellar/texlive/20260301/share/texmf-dist/tex/latex/amsmath/amsbs
y.sty
Package: amsbsy 1999/11/29 v1.2d Bold Symbols
\pmbraise@=\dimen153
)
(/opt/homebrew/Cellar/texlive/20260301/share/texmf-dist/tex/latex/amsmath/amsop
n.sty
Package: amsopn 2022/04/08 v2.04 operator names
)
\inf@bad=\count288
LaTeX Info: Redefining \frac on input line 233.
\uproot@=\count289
\leftroot@=\count290
LaTeX Info: Redefining \overline on input line 398.
LaTeX Info: Redefining \colon on input line 409.
\classnum@=\count291
\DOTSCASE@=\count292
LaTeX Info: Redefining \ldots on input line 495.
LaTeX Info: Redefining \dots on input line 498.
LaTeX Info: Redefining \cdots on input line 619.
\Mathstrutbox@=\box53
\strutbox@=\box54
LaTeX Info: Redefining \big on input line 721.
LaTeX Info: Redefining \Big on input line 722.
LaTeX Info: Redefining \bigg on input line 723.
LaTeX Info: Redefining \Bigg on input line 724.
\big@size=\dimen154
LaTeX Font Info:    Redeclaring font encoding OML on input line 742.
LaTeX Font Info:    Redeclaring font encoding OMS on input line 743.
\macc@depth=\count293
LaTeX Info: Redefining \bmod on input line 904.
LaTeX Info: Redefining \pmod on input line 909.
LaTeX Info: Redefining \smash on input line 939.
LaTeX Info: Redefining \relbar on input line 969.
LaTeX Info: Redefining \Relbar on input line 970.
\c@MaxMatrixCols=\count294
\dotsspace@=\muskip17
\c@parentequation=\count295
\dspbrk@lvl=\count296
\tag@help=\toks20
\row@=\count297
\column@=\count298
\maxfields@=\count299
\andhelp@=\toks21
\eqnshift@=\dimen155
\alignsep@=\dimen156
\tagshift@=\dimen157
\tagwidth@=\dimen158
\totwidth@=\dimen159
\lineht@=\dimen160
\@envbody=\toks22
\multlinegap=\skip56
\multlinetaggap=\skip57
\mathdisplay@stack=\toks23
LaTeX Info: Redefining \[ on input line 2950.
LaTeX Info: Redefining \] on input line 2951.
)
(/opt/homebrew/Cellar/texlive/20260301/share/texmf-dist/tex/latex/amsfonts/amsf
onts.sty
Package: amsfonts 2013/01/14 v3.01 Basic AMSFonts support
\symAMSa=\mathgroup4
\symAMSb=\mathgroup5
LaTeX Font Info:    Redeclaring math symbol \hbar on input line 98.
LaTeX Font Info:    Overwriting math alphabet `\mathfrak' in version `bold'
(Font)                  U/euf/m/n --> U/euf/b/n on input line 106.
)
(/opt/homebrew/Cellar/texlive/20260301/share/texmf-dist/tex/latex/amsfonts/amss
ymb.sty
Package: amssymb 2013/01/14 v3.01 AMS font symbols
)
(/opt/homebrew/Cellar/texlive/20260301/share/texmf-dist/tex/latex/psnfss/mathpt
mx.sty
Package: mathptmx 2020/03/25 PSNFSS-v9.3 Times w/ Math, improved (SPQR, WaS) 
LaTeX Font Info:    Redeclaring symbol font `operators' on input line 28.
LaTeX Font Info:    Overwriting symbol font `operators' in version `normal'
(Font)                  OT1/cmr/m/n --> OT1/ztmcm/m/n on input line 28.
LaTeX Font Info:    Overwriting symbol font `operators' in version `bold'
(Font)                  OT1/cmr/bx/n --> OT1/ztmcm/m/n on input line 28.
LaTeX Font Info:    Redeclaring symbol font `letters' on input line 29.
LaTeX Font Info:    Overwriting symbol font `letters' in version `normal'
(Font)                  OML/cmm/m/it --> OML/ztmcm/m/it on input line 29.
LaTeX Font Info:    Overwriting symbol font `letters' in version `bold'
(Font)                  OML/cmm/b/it --> OML/ztmcm/m/it on input line 29.
LaTeX Font Info:    Redeclaring symbol font `symbols' on input line 30.
LaTeX Font Info:    Overwriting symbol font `symbols' in version `normal'
(Font)                  OMS/cmsy/m/n --> OMS/ztmcm/m/n on input line 30.
LaTeX Font Info:    Overwriting symbol font `symbols' in version `bold'
(Font)                  OMS/cmsy/b/n --> OMS/ztmcm/m/n on input line 30.
LaTeX Font Info:    Redeclaring symbol font `largesymbols' on input line 31.
LaTeX Font Info:    Overwriting symbol font `largesymbols' in version `normal'
(Font)                  OMX/cmex/m/n --> OMX/ztmcm/m/n on input line 31.
LaTeX Font Info:    Overwriting symbol font `largesymbols' in version `bold'
(Font)                  OMX/cmex/m/n --> OMX/ztmcm/m/n on input line 31.
\symbold=\mathgroup6
\symitalic=\mathgroup7
LaTeX Font Info:    Redeclaring math alphabet \mathbf on input line 34.
LaTeX Font Info:    Overwriting math alphabet `\mathbf' in version `normal'
(Font)                  OT1/cmr/bx/n --> OT1/ptm/bx/n on input line 34.
LaTeX Font Info:    Overwriting math alphabet `\mathbf' in version `bold'
(Font)                  OT1/cmr/bx/n --> OT1/ptm/bx/n on input line 34.
LaTeX Font Info:    Redeclaring math alphabet \mathit on input line 35.
LaTeX Font Info:    Overwriting math alphabet `\mathit' in version `normal'
(Font)                  OT1/cmr/m/it --> OT1/ptm/m/it on input line 35.
LaTeX Font Info:    Overwriting math alphabet `\mathit' in version `bold'
(Font)                  OT1/cmr/bx/it --> OT1/ptm/m/it on input line 35.
LaTeX Info: Redefining \hbar on input line 50.
)
(/opt/homebrew/Cellar/texlive/20260301/share/texmf-dist/tex/latex/psnfss/helvet
.sty
Package: helvet 2020/03/25 PSNFSS-v9.3 (WaS) 

(/opt/homebrew/Cellar/texlive/20260301/share/texmf-dist/tex/latex/graphics/keyv
al.sty
Package: keyval 2022/05/29 v1.15 key=value parser (DPC)
\KV@toks@=\toks24
))
(/opt/homebrew/Cellar/texlive/20260301/share/texmf-dist/tex/latex/psnfss/courie
r.sty
Package: courier 2020/03/25 PSNFSS-v9.3 (WaS) 
)
(/opt/homebrew/Cellar/texlive/20260301/share/texmf-dist/tex/generic/iftex/ifpdf
.sty
Package: ifpdf 2019/10/25 v3.4 ifpdf legacy package. Use iftex instead.

(/opt/homebrew/Cellar/texlive/20260301/share/texmf-dist/tex/generic/iftex/iftex
.sty
Package: iftex 2024/12/12 v1.0g TeX engine tests
))
(/opt/homebrew/Cellar/texlive/20260301/share/texmf-dist/tex/latex/graphics/grap
hicx.sty
Package: graphicx 2024/12/31 v1.2e Enhanced LaTeX Graphics (DPC,SPQR)

(/opt/homebrew/Cellar/texlive/20260301/share/texmf-dist/tex/latex/graphics/grap
hics.sty
Package: graphics 2024/08/06 v1.4g Standard LaTeX Graphics (DPC,SPQR)

(/opt/homebrew/Cellar/texlive/20260301/share/texmf-dist/tex/latex/graphics/trig
.sty
Package: trig 2023/12/02 v1.11 sin cos tan (DPC)
)
(/opt/homebrew/Cellar/texlive/20260301/share/texmf-dist/tex/latex/graphics-cfg/
graphics.cfg
File: graphics.cfg 2016/06/04 v1.11 sample graphics configuration
)
Package graphics Info: Driver file: pdftex.def on input line 106.

(/opt/homebrew/Cellar/texlive/20260301/share/texmf-dist/tex/latex/graphics-def/
pdftex.def
File: pdftex.def 2025/09/29 v1.2d Graphics/color driver for pdftex
))
\Gin@req@height=\dimen161
\Gin@req@width=\dimen162
)
(/opt/homebrew/Cellar/texlive/20260301/share/texmf-dist/tex/latex/xcolor/xcolor
.sty
Package: xcolor 2024/09/29 v3.02 LaTeX color extensions (UK)

(/opt/homebrew/Cellar/texlive/20260301/share/texmf-dist/tex/latex/graphics-cfg/
color.cfg
File: color.cfg 2016/01/02 v1.6 sample color configuration
)
Package xcolor Info: Driver file: pdftex.def on input line 274.

(/opt/homebrew/Cellar/texlive/20260301/share/texmf-dist/tex/latex/graphics/math
color.ltx)
Package xcolor Info: Model `cmy' substituted by `cmy0' on input line 1349.
Package xcolor Info: Model `hsb' substituted by `rgb' on input line 1353.
Package xcolor Info: Model `RGB' extended on input line 1365.
Package xcolor Info: Model `HTML' substituted by `rgb' on input line 1367.
Package xcolor Info: Model `Hsb' substituted by `hsb' on input line 1368.
Package xcolor Info: Model `tHsb' substituted by `hsb' on input line 1369.
Package xcolor Info: Model `HSB' substituted by `hsb' on input line 1370.
Package xcolor Info: Model `Gray' substituted by `gray' on input line 1371.
Package xcolor Info: Model `wave' substituted by `hsb' on input line 1372.
)
(/opt/homebrew/Cellar/texlive/20260301/share/texmf-dist/tex/latex/booktabs/book
tabs.sty
Package: booktabs 2020/01/12 v1.61803398 Publication quality tables
\heavyrulewidth=\dimen163
\lightrulewidth=\dimen164
\cmidrulewidth=\dimen165
\belowrulesep=\dimen166
\belowbottomsep=\dimen167
\aboverulesep=\dimen168
\abovetopsep=\dimen169
\cmidrulesep=\dimen170
\cmidrulekern=\dimen171
\defaultaddspace=\dimen172
\@cmidla=\count300
\@cmidlb=\count301
\@aboverulesep=\dimen173
\@belowrulesep=\dimen174
\@thisruleclass=\count302
\@lastruleclass=\count303
\@thisrulewidth=\dimen175
)
(/opt/homebrew/Cellar/texlive/20260301/share/texmf-dist/tex/latex/preprint/auth
blk.sty
Package: authblk 2001/02/27 1.3 (PWD)
\affilsep=\skip58
\@affilsep=\skip59
\c@Maxaffil=\count304
\c@authors=\count305
\c@affil=\count306
)
(/opt/homebrew/Cellar/texlive/20260301/share/texmf-dist/tex/latex/geometry/geom
etry.sty
Package: geometry 2020/01/02 v5.9 Page Geometry

(/opt/homebrew/Cellar/texlive/20260301/share/texmf-dist/tex/generic/iftex/ifvte
x.sty
Package: ifvtex 2019/10/25 v1.7 ifvtex legacy package. Use iftex instead.
)
\Gm@cnth=\count307
\Gm@cntv=\count308
\c@Gm@tempcnt=\count309
\Gm@bindingoffset=\dimen176
\Gm@wd@mp=\dimen177
\Gm@odd@mp=\dimen178
\Gm@even@mp=\dimen179
\Gm@layoutwidth=\dimen180
\Gm@layoutheight=\dimen181
\Gm@layouthoffset=\dimen182
\Gm@layoutvoffset=\dimen183
\Gm@dimlist=\toks25
)
(/opt/homebrew/Cellar/texlive/20260301/share/texmf-dist/tex/latex/caption/capti
on.sty
Package: caption 2023/08/05 v3.6o Customizing captions (AR)

(/opt/homebrew/Cellar/texlive/20260301/share/texmf-dist/tex/latex/caption/capti
on3.sty
Package: caption3 2023/07/31 v2.4d caption3 kernel (AR)
\caption@tempdima=\dimen184
\captionmargin=\dimen185
\caption@leftmargin=\dimen186
\caption@rightmargin=\dimen187
\caption@width=\dimen188
\caption@indent=\dimen189
\caption@parindent=\dimen190
\caption@hangindent=\dimen191
Package caption Info: Standard document class detected.
)
\c@caption@flags=\count310
\c@continuedfloat=\count311
)
(/opt/homebrew/Cellar/texlive/20260301/share/texmf-dist/tex/latex/hyperref/hype
rref.sty
Package: hyperref 2026-01-29 v7.01p Hypertext links for LaTeX

(/opt/homebrew/Cellar/texlive/20260301/share/texmf-dist/tex/latex/kvsetkeys/kvs
etkeys.sty
Package: kvsetkeys 2022-10-05 v1.19 Key value parser (HO)
)
(/opt/homebrew/Cellar/texlive/20260301/share/texmf-dist/tex/generic/kvdefinekey
s/kvdefinekeys.sty
Package: kvdefinekeys 2019-12-19 v1.6 Define keys (HO)
)
(/opt/homebrew/Cellar/texlive/20260301/share/texmf-dist/tex/generic/pdfescape/p
dfescape.sty
Package: pdfescape 2019/12/09 v1.15 Implements pdfTeX's escape features (HO)

(/opt/homebrew/Cellar/texlive/20260301/share/texmf-dist/tex/generic/ltxcmds/ltx
cmds.sty
Package: ltxcmds 2023-12-04 v1.26 LaTeX kernel commands for general use (HO)
)
(/opt/homebrew/Cellar/texlive/20260301/share/texmf-dist/tex/generic/pdftexcmds/
pdftexcmds.sty
Package: pdftexcmds 2020-06-27 v0.33 Utility functions of pdfTeX for LuaTeX (HO
)

(/opt/homebrew/Cellar/texlive/20260301/share/texmf-dist/tex/generic/infwarerr/i
nfwarerr.sty
Package: infwarerr 2019/12/03 v1.5 Providing info/warning/error messages (HO)
)
Package pdftexcmds Info: \pdf@primitive is available.
Package pdftexcmds Info: \pdf@ifprimitive is available.
Package pdftexcmds Info: \pdfdraftmode found.
))
(/opt/homebrew/Cellar/texlive/20260301/share/texmf-dist/tex/latex/hycolor/hycol
or.sty
Package: hycolor 2020-01-27 v1.10 Color options for hyperref/bookmark (HO)
)
(/opt/homebrew/Cellar/texlive/20260301/share/texmf-dist/tex/latex/hyperref/name
ref.sty
Package: nameref 2026-01-29 v2.58 Cross-referencing by name of section

(/opt/homebrew/Cellar/texlive/20260301/share/texmf-dist/tex/latex/refcount/refc
ount.sty
Package: refcount 2019/12/15 v3.6 Data extraction from label references (HO)
)
(/opt/homebrew/Cellar/texlive/20260301/share/texmf-dist/tex/generic/gettitlestr
ing/gettitlestring.sty
Package: gettitlestring 2019/12/15 v1.6 Cleanup title references (HO)

(/opt/homebrew/Cellar/texlive/20260301/share/texmf-dist/tex/latex/kvoptions/kvo
ptions.sty
Package: kvoptions 2022-06-15 v3.15 Key value format for package options (HO)
))
\c@section@level=\count312
)
(/opt/homebrew/Cellar/texlive/20260301/share/texmf-dist/tex/latex/etoolbox/etoo
lbox.sty
Package: etoolbox 2025/10/02 v2.5m e-TeX tools for LaTeX (JAW)
\etb@tempcnta=\count313
)
(/opt/homebrew/Cellar/texlive/20260301/share/texmf-dist/tex/generic/stringenc/s
tringenc.sty
Package: stringenc 2019/11/29 v1.12 Convert strings between diff. encodings (HO
)
)
\@linkdim=\dimen192
\Hy@linkcounter=\count314
\Hy@pagecounter=\count315

(/opt/homebrew/Cellar/texlive/20260301/share/texmf-dist/tex/latex/hyperref/pd1e
nc.def
File: pd1enc.def 2026-01-29 v7.01p Hyperref: PDFDocEncoding definition (HO)
Now handling font encoding PD1 ...
... no UTF-8 mapping file for font encoding PD1
)
(/opt/homebrew/Cellar/texlive/20260301/share/texmf-dist/tex/generic/intcalc/int
calc.sty
Package: intcalc 2019/12/15 v1.3 Expandable calculations with integers (HO)
)
\Hy@SavedSpaceFactor=\count316

(/opt/homebrew/Cellar/texlive/20260301/share/texmf-dist/tex/latex/hyperref/puen
c.def
File: puenc.def 2026-01-29 v7.01p Hyperref: PDF Unicode definition (HO)
Now handling font encoding PU ...
... no UTF-8 mapping file for font encoding PU
)
Package hyperref Info: Option `colorlinks' set `true' on input line 4072.
Package hyperref Info: Hyper figures OFF on input line 4201.
Package hyperref Info: Link nesting OFF on input line 4206.
Package hyperref Info: Hyper index ON on input line 4209.
Package hyperref Info: Plain pages OFF on input line 4216.
Package hyperref Info: Backreferencing OFF on input line 4221.
Package hyperref Info: Implicit mode ON; LaTeX internals redefined.
Package hyperref Info: Bookmarks ON on input line 4468.
\c@Hy@tempcnt=\count317

(/opt/homebrew/Cellar/texlive/20260301/share/texmf-dist/tex/latex/url/url.sty
\Urlmuskip=\muskip18
Package: url 2013/09/16  ver 3.4  Verb mode for urls, etc.
)
LaTeX Info: Redefining \url on input line 4807.
\XeTeXLinkMargin=\dimen193

(/opt/homebrew/Cellar/texlive/20260301/share/texmf-dist/tex/generic/bitset/bits
et.sty
Package: bitset 2019/12/09 v1.3 Handle bit-vector datatype (HO)

(/opt/homebrew/Cellar/texlive/20260301/share/texmf-dist/tex/generic/bigintcalc/
bigintcalc.sty
Package: bigintcalc 2019/12/15 v1.5 Expandable calculations on big integers (HO
)
))
\Fld@menulength=\count318
\Field@Width=\dimen194
\Fld@charsize=\dimen195
Package hyperref Info: Hyper figures OFF on input line 6084.
Package hyperref Info: Link nesting OFF on input line 6089.
Package hyperref Info: Hyper index ON on input line 6092.
Package hyperref Info: backreferencing OFF on input line 6099.
Package hyperref Info: Link coloring ON on input line 6102.
Package hyperref Info: Link coloring with OCG OFF on input line 6109.
Package hyperref Info: PDF/A mode OFF on input line 6114.
\Hy@abspage=\count319
\c@Item=\count320
\c@Hfootnote=\count321
)
Package hyperref Info: Driver (autodetected): hpdftex.

(/opt/homebrew/Cellar/texlive/20260301/share/texmf-dist/tex/latex/hyperref/hpdf
tex.def
File: hpdftex.def 2026-01-29 v7.01p Hyperref driver for pdfTeX
\Fld@listcount=\count322
\c@bookmark@seq@number=\count323

(/opt/homebrew/Cellar/texlive/20260301/share/texmf-dist/tex/latex/rerunfilechec
k/rerunfilecheck.sty
Package: rerunfilecheck 2025-06-21 v1.11 Rerun checks for auxiliary files (HO)

(/opt/homebrew/Cellar/texlive/20260301/share/texmf-dist/tex/generic/uniquecount
er/uniquecounter.sty
Package: uniquecounter 2019/12/15 v1.4 Provide unlimited unique counter (HO)
)
Package uniquecounter Info: New unique counter `rerunfilecheck' on input line 2
84.
)
\Hy@SectionHShift=\skip60
)
(/opt/homebrew/Cellar/texlive/20260301/share/texmf-dist/tex/latex/cite/cite.sty
LaTeX Info: Redefining \cite on input line 302.
LaTeX Info: Redefining \nocite on input line 332.
Package: cite 2015/02/27  v 5.5
LaTeX Info: Redefining \cite on input line 441.
)
(/opt/homebrew/Cellar/texlive/20260301/share/texmf-dist/tex/latex/fancyhdr/fanc
yhdr.sty
Package: fancyhdr 2025/02/07 v5.2 Extensive control of page headers and footers

\f@nch@headwidth=\skip61
\f@nch@offset@elh=\skip62
\f@nch@offset@erh=\skip63
\f@nch@offset@olh=\skip64
\f@nch@offset@orh=\skip65
\f@nch@offset@elf=\skip66
\f@nch@offset@erf=\skip67
\f@nch@offset@olf=\skip68
\f@nch@offset@orf=\skip69
\f@nch@height=\skip70
\f@nch@footalignment=\skip71
\f@nch@widthL=\skip72
\f@nch@widthC=\skip73
\f@nch@widthR=\skip74
\@temptokenb=\toks26
)
(/opt/homebrew/Cellar/texlive/20260301/share/texmf-dist/tex/latex/lastpage/last
page.sty
Package: lastpage 2025/08/14 v2.1h lastpage: 2.09 or 2e? (HMM)

(/opt/homebrew/Cellar/texlive/20260301/share/texmf-dist/tex/latex/lastpage/last
page2e.sty
Package: lastpage2e 2025/08/14 v2.1h Decide which 2e lastpage version to use (H
MM)

(/opt/homebrew/Cellar/texlive/20260301/share/texmf-dist/tex/latex/lastpage/last
pagemodern.sty
Package: lastpagemodern 2025-08-14 v2.1h Refers to last page's name (HMM; JPG)
\c@lastpagecount=\count324
) 
))
(/opt/homebrew/Cellar/texlive/20260301/share/texmf-dist/tex/latex/titlesec/titl
esec.sty
Package: titlesec 2025/01/04 v2.17 Sectioning titles
\ttl@box=\box55
\beforetitleunit=\skip75
\aftertitleunit=\skip76
\ttl@plus=\dimen196
\ttl@minus=\dimen197
\ttl@toksa=\toks27
\titlewidth=\dimen198
\titlewidthlast=\dimen199
\titlewidthfirst=\dimen256
)
(/opt/homebrew/Cellar/texlive/20260301/share/texmf-dist/tex/latex/titlesec/titl
etoc.sty
Package: titletoc 2025/01/04 v2.17 TOC entries
\ttl@leftsep=\dimen257
)
(/opt/homebrew/Cellar/texlive/20260301/share/texmf-dist/tex/latex/enumitem/enum
item.sty
Package: enumitem 2025/02/06 v3.11 Customized lists
\labelindent=\skip77
\enit@outerparindent=\dimen258
\enit@toks=\toks28
\enit@inbox=\box56
\enit@count@id=\count325
\enitdp@description=\count326
)
\tocsep=\skip78

(/opt/homebrew/Cellar/texlive/20260301/share/texmf-dist/tex/latex/lipsum/lipsum
.sty
(/opt/homebrew/Cellar/texlive/20260301/share/texmf-dist/tex/latex/l3packages/l3
keys2e/l3keys2e.sty
(/opt/homebrew/Cellar/texlive/20260301/share/texmf-dist/tex/latex/l3kernel/expl
3.sty
Package: expl3 2026-01-19 L3 programming layer (loader) 

(/opt/homebrew/Cellar/texlive/20260301/share/texmf-dist/tex/latex/l3backend/l3b
ackend-pdftex.def
File: l3backend-pdftex.def 2025-10-09 L3 backend support: PDF output (pdfTeX)
\l__color_backend_stack_int=\count327
))
Package: l3keys2e 2025-10-09 LaTeX2e option processing using LaTeX3 keys
)
Package: lipsum 2021-09-20 v2.7 150 paragraphs of Lorem Ipsum dummy text
\g__lipsum_par_int=\count328
\l__lipsum_a_int=\count329
\l__lipsum_b_int=\count330

(/opt/homebrew/Cellar/texlive/20260301/share/texmf-dist/tex/latex/lipsum/lipsum
.ltd.tex))) (./jabbrv.sty
Package: jabbrv 2010/08/18 v0.2 Automatic Journal Title Abbreviation Package
\temp@journal@text=\toks29
\temp@journal@text@=\toks30
\c@jabbrv@strlen@count=\count331
\c@jabbrv@gobble@temp=\count332
\c@jabbrv@loop@i=\count333
\c@jabbrv@loop@max=\count334
\c@jabbrv@word@count=\count335
 (./jabbrv-ltwa-all.ldf) (./jabbrv-ltwa-en.ldf))
(/opt/homebrew/Cellar/texlive/20260301/share/texmf-dist/tex/latex/microtype/mic
rotype.sty
Package: microtype 2026/03/01 v3.2d Micro-typographical refinements (RS)
\MT@toks=\toks31
\MT@tempbox=\box57
\MT@count=\count336
LaTeX Info: Redefining \noprotrusionifhmode on input line 1084.
LaTeX Info: Redefining \leftprotrusion on input line 1085.
\MT@prot@toks=\toks32
LaTeX Info: Redefining \rightprotrusion on input line 1104.
LaTeX Info: Redefining \textls on input line 1449.
\MT@outer@kern=\dimen259
LaTeX Info: Redefining \microtypecontext on input line 2053.
LaTeX Info: Redefining \textmicrotypecontext on input line 2070.
\MT@listname@count=\count337

(/opt/homebrew/Cellar/texlive/20260301/share/texmf-dist/tex/latex/microtype/mic
rotype-pdftex.def
File: microtype-pdftex.def 2026/03/01 v3.2d Definitions specific to pdftex (RS)

LaTeX Info: Redefining \lsstyle on input line 944.
LaTeX Info: Redefining \lslig on input line 944.
\MT@outer@space=\skip79
)
Package microtype Info: Loading configuration file microtype.cfg.

(/opt/homebrew/Cellar/texlive/20260301/share/texmf-dist/tex/latex/microtype/mic
rotype.cfg
File: microtype.cfg 2026/03/01 v3.2d microtype main configuration file (RS)
)
LaTeX Info: Redefining \microtypesetup on input line 3065.
)
(/opt/homebrew/Cellar/texlive/20260301/share/texmf-dist/tex/latex/base/fontenc.
sty
Package: fontenc 2025/07/18 v2.1d Standard LaTeX package
LaTeX Font Info:    Trying to load font information for T1+ptm on input line 11
6.

(/opt/homebrew/Cellar/texlive/20260301/share/texmf-dist/tex/latex/psnfss/t1ptm.
fd
File: t1ptm.fd 2001/06/04 font definitions for T1/ptm.
))
(/opt/homebrew/Cellar/texlive/20260301/share/texmf-dist/tex/latex/multirow/mult
irow.sty
Package: multirow 2024/11/12 v2.9 Span multiple rows of a table
\multirow@colwidth=\skip80
\multirow@cntb=\count338
\multirow@dima=\skip81
\bigstrutjot=\dimen260
)
(/opt/homebrew/Cellar/texlive/20260301/share/texmf-dist/tex/latex/wrapfig/wrapf
ig.sty
\wrapoverhang=\dimen261
\WF@size=\dimen262
\c@WF@wrappedlines=\count339
\WF@box=\box58
\WF@everypar=\toks33
Package: wrapfig 2003/01/31  v 3.6
)
(/opt/homebrew/Cellar/texlive/20260301/share/texmf-dist/tex/latex/comment/comme
nt.sty
\CommentStream=\write3
 Excluding comment 'comment')
(/opt/homebrew/Cellar/texlive/20260301/share/texmf-dist/tex/latex/caption/subca
ption.sty
Package: subcaption 2023/07/28 v1.6b Sub-captions (AR)
Package caption Info: New subtype `subfigure' on input line 238.
\c@subfigure=\count340
Package caption Info: New subtype `subtable' on input line 238.
\c@subtable=\count341
)
(/opt/homebrew/Cellar/texlive/20260301/share/texmf-dist/tex/latex/standalone/st
andalone.sty
Package: standalone 2025/02/22 v1.5a Package to include TeX sub-files with prea
mbles

(/opt/homebrew/Cellar/texlive/20260301/share/texmf-dist/tex/latex/tools/shelles
c.sty
Package: shellesc 2023/07/08 v1.0d unified shell escape interface for LaTeX
Package shellesc Info: Restricted shell escape enabled on input line 77.
)
(/opt/homebrew/Cellar/texlive/20260301/share/texmf-dist/tex/latex/xkeyval/xkeyv
al.sty
Package: xkeyval 2025/11/04 v2.10 package option processing (HA)

(/opt/homebrew/Cellar/texlive/20260301/share/texmf-dist/tex/generic/xkeyval/xke
yval.tex
(/opt/homebrew/Cellar/texlive/20260301/share/texmf-dist/tex/generic/xkeyval/xkv
utils.tex
\XKV@toks=\toks34
\XKV@tempa@toks=\toks35
\XKV@tempb@toks=\toks36
)
\XKV@depth=\count342
File: xkeyval.tex 2014/12/03 v2.7a key=value parser (HA)
))
(/opt/homebrew/Cellar/texlive/20260301/share/texmf-dist/tex/latex/currfile/curr
file.sty
Package: currfile 2024/03/14 v1.0 Provides the file path elements of the curren
t input file

(/opt/homebrew/Cellar/texlive/20260301/share/texmf-dist/tex/latex/filehook/file
hook.sty
Package: filehook 2022/10/25 v0.8b Hooks for input files

(/opt/homebrew/Cellar/texlive/20260301/share/texmf-dist/tex/latex/filehook/file
hook-2020.sty
Package: filehook-2020 2022/10/25 v0.8b Hooks for input files
))
\c@currfiledepth=\count343
)
(/opt/homebrew/Cellar/texlive/20260301/share/texmf-dist/tex/latex/gincltex/ginc
ltex.sty
(/opt/homebrew/Cellar/texlive/20260301/share/texmf-dist/tex/latex/svn-prov/svn-
prov.sty
Package: svn-prov 2010/04/24 v3.1862 Package Date/Version from SVN Keywords
)
Package: gincltex 2011/09/04 v0.3 Include external LaTeX files like graphics

(/opt/homebrew/Cellar/texlive/20260301/share/texmf-dist/tex/latex/adjustbox/adj
ustbox.sty
Package: adjustbox 2025/02/26 v1.3c Adjusting TeX boxes (trim, clip, ...)

(/opt/homebrew/Cellar/texlive/20260301/share/texmf-dist/tex/latex/adjustbox/adj
calc.sty
Package: adjcalc 2012/05/16 v1.1 Provides advanced setlength with multiple back
-ends (calc, etex, pgfmath)
)
(/opt/homebrew/Cellar/texlive/20260301/share/texmf-dist/tex/latex/adjustbox/tri
mclip.sty
Package: trimclip 2025/02/21 v1.2a Trim and clip general TeX material

(/opt/homebrew/Cellar/texlive/20260301/share/texmf-dist/tex/latex/collectbox/co
llectbox.sty
Package: collectbox 2022/10/17 v0.4c Collect macro arguments as boxes
\collectedbox=\box59
)
\tc@llx=\dimen263
\tc@lly=\dimen264
\tc@urx=\dimen265
\tc@ury=\dimen266
Package trimclip Info: Using driver 'tc-pdftex.def'.

(/opt/homebrew/Cellar/texlive/20260301/share/texmf-dist/tex/latex/adjustbox/tc-
pdftex.def
File: tc-pdftex.def 2025/02/26 v2.3 Clipping driver for pdftex
))
\adjbox@Width=\dimen267
\adjbox@Height=\dimen268
\adjbox@Depth=\dimen269
\adjbox@Totalheight=\dimen270
\adjbox@pwidth=\dimen271
\adjbox@pheight=\dimen272
\adjbox@pdepth=\dimen273
\adjbox@ptotalheight=\dimen274

(/opt/homebrew/Cellar/texlive/20260301/share/texmf-dist/tex/latex/ifoddpage/ifo
ddpage.sty
Package: ifoddpage 2022/10/18 v1.2 Conditionals for odd/even page detection
\c@checkoddpage=\count344
)
(/opt/homebrew/Cellar/texlive/20260301/share/texmf-dist/tex/latex/varwidth/varw
idth.sty
Package: varwidth 2009/03/30 ver 0.92;  Variable-width minipages
\@vwid@box=\box60
\sift@deathcycles=\count345
\@vwid@loff=\dimen275
\@vwid@roff=\dimen276
)
==> First Aid for varwidth.sty applied!
)
\gincltex@box=\box61
)
(/opt/homebrew/Cellar/texlive/20260301/share/texmf-dist/tex/latex/filemod/filem
od-expmin.sty
Package: filemod-expmin 2011/09/19 v1.2 Get and compare file modification times
 (expandable; minimal)
))
(/opt/homebrew/Cellar/texlive/20260301/share/texmf-dist/tex/latex/pgfplots/pgfp
lots.sty
(/opt/homebrew/Cellar/texlive/20260301/share/texmf-dist/tex/generic/pgfplots/pg
fplots.revision.tex)
Package: pgfplots 2025/08/14 v1.18.2 Data Visualization (1.18.2)

(/opt/homebrew/Cellar/texlive/20260301/share/texmf-dist/tex/latex/pgf/frontendl
ayer/tikz.sty
(/opt/homebrew/Cellar/texlive/20260301/share/texmf-dist/tex/latex/pgf/basiclaye
r/pgf.sty
(/opt/homebrew/Cellar/texlive/20260301/share/texmf-dist/tex/latex/pgf/utilities
/pgfrcs.sty
(/opt/homebrew/Cellar/texlive/20260301/share/texmf-dist/tex/generic/pgf/utiliti
es/pgfutil-common.tex
\pgfutil@everybye=\toks37
\pgfutil@tempdima=\dimen277
\pgfutil@tempdimb=\dimen278
)
(/opt/homebrew/Cellar/texlive/20260301/share/texmf-dist/tex/generic/pgf/utiliti
es/pgfutil-latex.def
\pgfutil@abb=\box62
)
(/opt/homebrew/Cellar/texlive/20260301/share/texmf-dist/tex/generic/pgf/utiliti
es/pgfrcs.code.tex
(/opt/homebrew/Cellar/texlive/20260301/share/texmf-dist/tex/generic/pgf/pgf.rev
ision.tex)
Package: pgfrcs 2025-08-29 v3.1.11a (3.1.11a)
))
Package: pgf 2025-08-29 v3.1.11a (3.1.11a)

(/opt/homebrew/Cellar/texlive/20260301/share/texmf-dist/tex/latex/pgf/basiclaye
r/pgfcore.sty
(/opt/homebrew/Cellar/texlive/20260301/share/texmf-dist/tex/latex/pgf/systemlay
er/pgfsys.sty
(/opt/homebrew/Cellar/texlive/20260301/share/texmf-dist/tex/generic/pgf/systeml
ayer/pgfsys.code.tex
Package: pgfsys 2025-08-29 v3.1.11a (3.1.11a)

(/opt/homebrew/Cellar/texlive/20260301/share/texmf-dist/tex/generic/pgf/utiliti
es/pgfkeys.code.tex
\pgfkeys@pathtoks=\toks38
\pgfkeys@temptoks=\toks39

(/opt/homebrew/Cellar/texlive/20260301/share/texmf-dist/tex/generic/pgf/utiliti
es/pgfkeyslibraryfiltered.code.tex
\pgfkeys@tmptoks=\toks40
))
\pgf@x=\dimen279
\pgf@y=\dimen280
\pgf@xa=\dimen281
\pgf@ya=\dimen282
\pgf@xb=\dimen283
\pgf@yb=\dimen284
\pgf@xc=\dimen285
\pgf@yc=\dimen286
\pgf@xd=\dimen287
\pgf@yd=\dimen288
\w@pgf@writea=\write4
\r@pgf@reada=\read3
\c@pgf@counta=\count346
\c@pgf@countb=\count347
\c@pgf@countc=\count348
\c@pgf@countd=\count349
\t@pgf@toka=\toks41
\t@pgf@tokb=\toks42
\t@pgf@tokc=\toks43
\pgf@sys@id@count=\count350

(/opt/homebrew/Cellar/texlive/20260301/share/texmf-dist/tex/generic/pgf/systeml
ayer/pgf.cfg
File: pgf.cfg 2025-08-29 v3.1.11a (3.1.11a)
)
Driver file for pgf: pgfsys-pdftex.def

(/opt/homebrew/Cellar/texlive/20260301/share/texmf-dist/tex/generic/pgf/systeml
ayer/pgfsys-pdftex.def
File: pgfsys-pdftex.def 2025-08-29 v3.1.11a (3.1.11a)

(/opt/homebrew/Cellar/texlive/20260301/share/texmf-dist/tex/generic/pgf/systeml
ayer/pgfsys-common-pdf.def
File: pgfsys-common-pdf.def 2025-08-29 v3.1.11a (3.1.11a)
)))
(/opt/homebrew/Cellar/texlive/20260301/share/texmf-dist/tex/generic/pgf/systeml
ayer/pgfsyssoftpath.code.tex
File: pgfsyssoftpath.code.tex 2025-08-29 v3.1.11a (3.1.11a)
\pgfsyssoftpath@smallbuffer@items=\count351
\pgfsyssoftpath@bigbuffer@items=\count352
)
(/opt/homebrew/Cellar/texlive/20260301/share/texmf-dist/tex/generic/pgf/systeml
ayer/pgfsysprotocol.code.tex
File: pgfsysprotocol.code.tex 2025-08-29 v3.1.11a (3.1.11a)
))
(/opt/homebrew/Cellar/texlive/20260301/share/texmf-dist/tex/generic/pgf/basicla
yer/pgfcore.code.tex
Package: pgfcore 2025-08-29 v3.1.11a (3.1.11a)

(/opt/homebrew/Cellar/texlive/20260301/share/texmf-dist/tex/generic/pgf/math/pg
fmath.code.tex
(/opt/homebrew/Cellar/texlive/20260301/share/texmf-dist/tex/generic/pgf/math/pg
fmathutil.code.tex)
(/opt/homebrew/Cellar/texlive/20260301/share/texmf-dist/tex/generic/pgf/math/pg
fmathparser.code.tex
\pgfmath@dimen=\dimen289
\pgfmath@count=\count353
\pgfmath@box=\box63
\pgfmath@toks=\toks44
\pgfmath@stack@operand=\toks45
\pgfmath@stack@operation=\toks46
)
(/opt/homebrew/Cellar/texlive/20260301/share/texmf-dist/tex/generic/pgf/math/pg
fmathfunctions.code.tex)
(/opt/homebrew/Cellar/texlive/20260301/share/texmf-dist/tex/generic/pgf/math/pg
fmathfunctions.basic.code.tex)
(/opt/homebrew/Cellar/texlive/20260301/share/texmf-dist/tex/generic/pgf/math/pg
fmathfunctions.trigonometric.code.tex)
(/opt/homebrew/Cellar/texlive/20260301/share/texmf-dist/tex/generic/pgf/math/pg
fmathfunctions.random.code.tex)
(/opt/homebrew/Cellar/texlive/20260301/share/texmf-dist/tex/generic/pgf/math/pg
fmathfunctions.comparison.code.tex)
(/opt/homebrew/Cellar/texlive/20260301/share/texmf-dist/tex/generic/pgf/math/pg
fmathfunctions.base.code.tex)
(/opt/homebrew/Cellar/texlive/20260301/share/texmf-dist/tex/generic/pgf/math/pg
fmathfunctions.round.code.tex)
(/opt/homebrew/Cellar/texlive/20260301/share/texmf-dist/tex/generic/pgf/math/pg
fmathfunctions.misc.code.tex)
(/opt/homebrew/Cellar/texlive/20260301/share/texmf-dist/tex/generic/pgf/math/pg
fmathfunctions.integerarithmetics.code.tex)
(/opt/homebrew/Cellar/texlive/20260301/share/texmf-dist/tex/generic/pgf/math/pg
fmathcalc.code.tex)
(/opt/homebrew/Cellar/texlive/20260301/share/texmf-dist/tex/generic/pgf/math/pg
fmathfloat.code.tex
\c@pgfmathroundto@lastzeros=\count354
))
(/opt/homebrew/Cellar/texlive/20260301/share/texmf-dist/tex/generic/pgf/math/pg
fint.code.tex)
(/opt/homebrew/Cellar/texlive/20260301/share/texmf-dist/tex/generic/pgf/basicla
yer/pgfcorepoints.code.tex
File: pgfcorepoints.code.tex 2025-08-29 v3.1.11a (3.1.11a)
\pgf@picminx=\dimen290
\pgf@picmaxx=\dimen291
\pgf@picminy=\dimen292
\pgf@picmaxy=\dimen293
\pgf@pathminx=\dimen294
\pgf@pathmaxx=\dimen295
\pgf@pathminy=\dimen296
\pgf@pathmaxy=\dimen297
\pgf@xx=\dimen298
\pgf@xy=\dimen299
\pgf@yx=\dimen300
\pgf@yy=\dimen301
\pgf@zx=\dimen302
\pgf@zy=\dimen303
)
(/opt/homebrew/Cellar/texlive/20260301/share/texmf-dist/tex/generic/pgf/basicla
yer/pgfcorepathconstruct.code.tex
File: pgfcorepathconstruct.code.tex 2025-08-29 v3.1.11a (3.1.11a)
\pgf@path@lastx=\dimen304
\pgf@path@lasty=\dimen305
)
(/opt/homebrew/Cellar/texlive/20260301/share/texmf-dist/tex/generic/pgf/basicla
yer/pgfcorepathusage.code.tex
File: pgfcorepathusage.code.tex 2025-08-29 v3.1.11a (3.1.11a)
\pgf@shorten@end@additional=\dimen306
\pgf@shorten@start@additional=\dimen307
)
(/opt/homebrew/Cellar/texlive/20260301/share/texmf-dist/tex/generic/pgf/basicla
yer/pgfcorescopes.code.tex
File: pgfcorescopes.code.tex 2025-08-29 v3.1.11a (3.1.11a)
\pgfpic=\box64
\pgf@hbox=\box65
\pgf@layerbox@main=\box66
\pgf@picture@serial@count=\count355
)
(/opt/homebrew/Cellar/texlive/20260301/share/texmf-dist/tex/generic/pgf/basicla
yer/pgfcoregraphicstate.code.tex
File: pgfcoregraphicstate.code.tex 2025-08-29 v3.1.11a (3.1.11a)
\pgflinewidth=\dimen308
)
(/opt/homebrew/Cellar/texlive/20260301/share/texmf-dist/tex/generic/pgf/basicla
yer/pgfcoretransformations.code.tex
File: pgfcoretransformations.code.tex 2025-08-29 v3.1.11a (3.1.11a)
\pgf@pt@x=\dimen309
\pgf@pt@y=\dimen310
\pgf@pt@temp=\dimen311
)
(/opt/homebrew/Cellar/texlive/20260301/share/texmf-dist/tex/generic/pgf/basicla
yer/pgfcorequick.code.tex
File: pgfcorequick.code.tex 2025-08-29 v3.1.11a (3.1.11a)
)
(/opt/homebrew/Cellar/texlive/20260301/share/texmf-dist/tex/generic/pgf/basicla
yer/pgfcoreobjects.code.tex
File: pgfcoreobjects.code.tex 2025-08-29 v3.1.11a (3.1.11a)
)
(/opt/homebrew/Cellar/texlive/20260301/share/texmf-dist/tex/generic/pgf/basicla
yer/pgfcorepathprocessing.code.tex
File: pgfcorepathprocessing.code.tex 2025-08-29 v3.1.11a (3.1.11a)
)
(/opt/homebrew/Cellar/texlive/20260301/share/texmf-dist/tex/generic/pgf/basicla
yer/pgfcorearrows.code.tex
File: pgfcorearrows.code.tex 2025-08-29 v3.1.11a (3.1.11a)
\pgfarrowsep=\dimen312
)
(/opt/homebrew/Cellar/texlive/20260301/share/texmf-dist/tex/generic/pgf/basicla
yer/pgfcoreshade.code.tex
File: pgfcoreshade.code.tex 2025-08-29 v3.1.11a (3.1.11a)
\pgf@max=\dimen313
\pgf@sys@shading@range@num=\count356
\pgf@shadingcount=\count357
)
(/opt/homebrew/Cellar/texlive/20260301/share/texmf-dist/tex/generic/pgf/basicla
yer/pgfcoreimage.code.tex
File: pgfcoreimage.code.tex 2025-08-29 v3.1.11a (3.1.11a)
)
(/opt/homebrew/Cellar/texlive/20260301/share/texmf-dist/tex/generic/pgf/basicla
yer/pgfcoreexternal.code.tex
File: pgfcoreexternal.code.tex 2025-08-29 v3.1.11a (3.1.11a)
\pgfexternal@startupbox=\box67
)
(/opt/homebrew/Cellar/texlive/20260301/share/texmf-dist/tex/generic/pgf/basicla
yer/pgfcorelayers.code.tex
File: pgfcorelayers.code.tex 2025-08-29 v3.1.11a (3.1.11a)
)
(/opt/homebrew/Cellar/texlive/20260301/share/texmf-dist/tex/generic/pgf/basicla
yer/pgfcoretransparency.code.tex
File: pgfcoretransparency.code.tex 2025-08-29 v3.1.11a (3.1.11a)
)
(/opt/homebrew/Cellar/texlive/20260301/share/texmf-dist/tex/generic/pgf/basicla
yer/pgfcorepatterns.code.tex
File: pgfcorepatterns.code.tex 2025-08-29 v3.1.11a (3.1.11a)
)
(/opt/homebrew/Cellar/texlive/20260301/share/texmf-dist/tex/generic/pgf/basicla
yer/pgfcorerdf.code.tex
File: pgfcorerdf.code.tex 2025-08-29 v3.1.11a (3.1.11a)
)))
(/opt/homebrew/Cellar/texlive/20260301/share/texmf-dist/tex/generic/pgf/modules
/pgfmoduleshapes.code.tex
File: pgfmoduleshapes.code.tex 2025-08-29 v3.1.11a (3.1.11a)
\pgfnodeparttextbox=\box68
)
(/opt/homebrew/Cellar/texlive/20260301/share/texmf-dist/tex/generic/pgf/modules
/pgfmoduleplot.code.tex
File: pgfmoduleplot.code.tex 2025-08-29 v3.1.11a (3.1.11a)
)
(/opt/homebrew/Cellar/texlive/20260301/share/texmf-dist/tex/latex/pgf/compatibi
lity/pgfcomp-version-0-65.sty
Package: pgfcomp-version-0-65 2025-08-29 v3.1.11a (3.1.11a)
\pgf@nodesepstart=\dimen314
\pgf@nodesepend=\dimen315
)
(/opt/homebrew/Cellar/texlive/20260301/share/texmf-dist/tex/latex/pgf/compatibi
lity/pgfcomp-version-1-18.sty
Package: pgfcomp-version-1-18 2025-08-29 v3.1.11a (3.1.11a)
))
(/opt/homebrew/Cellar/texlive/20260301/share/texmf-dist/tex/latex/pgf/utilities
/pgffor.sty
(/opt/homebrew/Cellar/texlive/20260301/share/texmf-dist/tex/latex/pgf/utilities
/pgfkeys.sty
(/opt/homebrew/Cellar/texlive/20260301/share/texmf-dist/tex/generic/pgf/utiliti
es/pgfkeys.code.tex))
(/opt/homebrew/Cellar/texlive/20260301/share/texmf-dist/tex/latex/pgf/math/pgfm
ath.sty
(/opt/homebrew/Cellar/texlive/20260301/share/texmf-dist/tex/generic/pgf/math/pg
fmath.code.tex))
(/opt/homebrew/Cellar/texlive/20260301/share/texmf-dist/tex/generic/pgf/utiliti
es/pgffor.code.tex
Package: pgffor 2025-08-29 v3.1.11a (3.1.11a)
\pgffor@iter=\dimen316
\pgffor@skip=\dimen317
\pgffor@stack=\toks47
\pgffor@toks=\toks48
))
(/opt/homebrew/Cellar/texlive/20260301/share/texmf-dist/tex/generic/pgf/fronten
dlayer/tikz/tikz.code.tex
Package: tikz 2025-08-29 v3.1.11a (3.1.11a)

(/opt/homebrew/Cellar/texlive/20260301/share/texmf-dist/tex/generic/pgf/librari
es/pgflibraryplothandlers.code.tex
File: pgflibraryplothandlers.code.tex 2025-08-29 v3.1.11a (3.1.11a)
\pgf@plot@mark@count=\count358
\pgfplotmarksize=\dimen318
)
\tikz@lastx=\dimen319
\tikz@lasty=\dimen320
\tikz@lastxsaved=\dimen321
\tikz@lastysaved=\dimen322
\tikz@lastmovetox=\dimen323
\tikz@lastmovetoy=\dimen324
\tikzleveldistance=\dimen325
\tikzsiblingdistance=\dimen326
\tikz@figbox=\box69
\tikz@figbox@bg=\box70
\tikz@tempbox=\box71
\tikz@tempbox@bg=\box72
\tikztreelevel=\count359
\tikznumberofchildren=\count360
\tikznumberofcurrentchild=\count361
\tikz@fig@count=\count362

(/opt/homebrew/Cellar/texlive/20260301/share/texmf-dist/tex/generic/pgf/modules
/pgfmodulematrix.code.tex
File: pgfmodulematrix.code.tex 2025-08-29 v3.1.11a (3.1.11a)
\pgfmatrixcurrentrow=\count363
\pgfmatrixcurrentcolumn=\count364
\pgf@matrix@numberofcolumns=\count365
)
\tikz@expandcount=\count366

(/opt/homebrew/Cellar/texlive/20260301/share/texmf-dist/tex/generic/pgf/fronten
dlayer/tikz/libraries/tikzlibrarytopaths.code.tex
File: tikzlibrarytopaths.code.tex 2025-08-29 v3.1.11a (3.1.11a)
)))
(/opt/homebrew/Cellar/texlive/20260301/share/texmf-dist/tex/generic/pgfplots/pg
fplots.code.tex
(/opt/homebrew/Cellar/texlive/20260301/share/texmf-dist/tex/generic/pgfplots/pg
fplotscore.code.tex
\t@pgfplots@toka=\toks49
\t@pgfplots@tokb=\toks50
\t@pgfplots@tokc=\toks51
\pgfplots@tmpa=\dimen327
\c@pgfplots@coordindex=\count367
\c@pgfplots@scanlineindex=\count368

(/opt/homebrew/Cellar/texlive/20260301/share/texmf-dist/tex/generic/pgfplots/sy
s/pgfplotssysgeneric.code.tex))
(/opt/homebrew/Cellar/texlive/20260301/share/texmf-dist/tex/generic/pgfplots/li
bs/pgfplotslibrary.code.tex)
(/opt/homebrew/Cellar/texlive/20260301/share/texmf-dist/tex/generic/pgfplots/ol
dpgfcompatib/pgfplotsoldpgfsupp_loader.code.tex
(/opt/homebrew/Cellar/texlive/20260301/share/texmf-dist/tex/generic/pgf/librari
es/pgflibraryfpu.code.tex)
(/opt/homebrew/Cellar/texlive/20260301/share/texmf-dist/tex/generic/pgfplots/ol
dpgfcompatib/pgfplotsoldpgfsupp_pgfutil-common-lists.tex))
(/opt/homebrew/Cellar/texlive/20260301/share/texmf-dist/tex/generic/pgfplots/ut
il/pgfplotsutil.code.tex
(/opt/homebrew/Cellar/texlive/20260301/share/texmf-dist/tex/generic/pgfplots/li
ststructure/pgfplotsliststructure.code.tex)
(/opt/homebrew/Cellar/texlive/20260301/share/texmf-dist/tex/generic/pgfplots/li
ststructure/pgfplotsliststructureext.code.tex)
(/opt/homebrew/Cellar/texlive/20260301/share/texmf-dist/tex/generic/pgfplots/li
ststructure/pgfplotsarray.code.tex
\c@pgfplotsarray@tmp=\count369
)
(/opt/homebrew/Cellar/texlive/20260301/share/texmf-dist/tex/generic/pgfplots/li
ststructure/pgfplotsmatrix.code.tex)
(/opt/homebrew/Cellar/texlive/20260301/share/texmf-dist/tex/generic/pgfplots/nu
mtable/pgfplotstableshared.code.tex
\c@pgfplotstable@counta=\count370
\t@pgfplotstable@a=\toks52
)
(/opt/homebrew/Cellar/texlive/20260301/share/texmf-dist/tex/generic/pgfplots/li
ststructure/pgfplotsdeque.code.tex)
(/opt/homebrew/Cellar/texlive/20260301/share/texmf-dist/tex/generic/pgfplots/ut
il/pgfplotsbinary.code.tex
(/opt/homebrew/Cellar/texlive/20260301/share/texmf-dist/tex/generic/pgfplots/ut
il/pgfplotsbinary.data.code.tex))
(/opt/homebrew/Cellar/texlive/20260301/share/texmf-dist/tex/generic/pgfplots/ut
il/pgfplotsutil.verb.code.tex)
(/opt/homebrew/Cellar/texlive/20260301/share/texmf-dist/tex/generic/pgfplots/li
bs/pgflibrarypgfplots.surfshading.code.tex
\c@pgfplotslibrarysurf@no=\count371

(/opt/homebrew/Cellar/texlive/20260301/share/texmf-dist/tex/generic/pgfplots/sy
s/pgflibrarypgfplots.surfshading.pgfsys-pdftex.def)))
(/opt/homebrew/Cellar/texlive/20260301/share/texmf-dist/tex/generic/pgfplots/ut
il/pgfplotscolormap.code.tex
(/opt/homebrew/Cellar/texlive/20260301/share/texmf-dist/tex/generic/pgfplots/ut
il/pgfplotscolor.code.tex))
(/opt/homebrew/Cellar/texlive/20260301/share/texmf-dist/tex/generic/pgfplots/pg
fplotsstackedplots.code.tex)
(/opt/homebrew/Cellar/texlive/20260301/share/texmf-dist/tex/generic/pgfplots/pg
fplotsplothandlers.code.tex
(/opt/homebrew/Cellar/texlive/20260301/share/texmf-dist/tex/generic/pgfplots/pg
fplotsmeshplothandler.code.tex
(/opt/homebrew/Cellar/texlive/20260301/share/texmf-dist/tex/generic/pgfplots/pg
fplotsmeshplotimage.code.tex)))
(/opt/homebrew/Cellar/texlive/20260301/share/texmf-dist/tex/generic/pgfplots/pg
fplots.scaling.code.tex)
(/opt/homebrew/Cellar/texlive/20260301/share/texmf-dist/tex/generic/pgfplots/pg
fplotscoordprocessing.code.tex)
(/opt/homebrew/Cellar/texlive/20260301/share/texmf-dist/tex/generic/pgfplots/pg
fplots.errorbars.code.tex)
(/opt/homebrew/Cellar/texlive/20260301/share/texmf-dist/tex/generic/pgfplots/pg
fplots.markers.code.tex)
(/opt/homebrew/Cellar/texlive/20260301/share/texmf-dist/tex/generic/pgfplots/pg
fplotsticks.code.tex)
(/opt/homebrew/Cellar/texlive/20260301/share/texmf-dist/tex/generic/pgfplots/pg
fplots.paths.code.tex)
(/opt/homebrew/Cellar/texlive/20260301/share/texmf-dist/tex/generic/pgf/fronten
dlayer/tikz/libraries/tikzlibrarydecorations.code.tex
(/opt/homebrew/Cellar/texlive/20260301/share/texmf-dist/tex/generic/pgf/modules
/pgfmoduledecorations.code.tex
\pgfdecoratedcompleteddistance=\dimen328
\pgfdecoratedremainingdistance=\dimen329
\pgfdecoratedinputsegmentcompleteddistance=\dimen330
\pgfdecoratedinputsegmentremainingdistance=\dimen331
\pgf@decorate@distancetomove=\dimen332
\pgf@decorate@repeatstate=\count372
\pgfdecorationsegmentamplitude=\dimen333
\pgfdecorationsegmentlength=\dimen334
)
\tikz@lib@dec@box=\box73
)
(/opt/homebrew/Cellar/texlive/20260301/share/texmf-dist/tex/generic/pgf/fronten
dlayer/tikz/libraries/tikzlibrarydecorations.pathmorphing.code.tex
(/opt/homebrew/Cellar/texlive/20260301/share/texmf-dist/tex/generic/pgf/librari
es/decorations/pgflibrarydecorations.pathmorphing.code.tex))
(/opt/homebrew/Cellar/texlive/20260301/share/texmf-dist/tex/generic/pgf/fronten
dlayer/tikz/libraries/tikzlibrarydecorations.pathreplacing.code.tex
(/opt/homebrew/Cellar/texlive/20260301/share/texmf-dist/tex/generic/pgf/librari
es/decorations/pgflibrarydecorations.pathreplacing.code.tex))
(/opt/homebrew/Cellar/texlive/20260301/share/texmf-dist/tex/generic/pgfplots/li
bs/tikzlibrarypgfplots.contourlua.code.tex)
\pgfplots@numplots=\count373
\pgfplots@xmin@reg=\dimen335
\pgfplots@xmax@reg=\dimen336
\pgfplots@ymin@reg=\dimen337
\pgfplots@ymax@reg=\dimen338
\pgfplots@zmin@reg=\dimen339
\pgfplots@zmax@reg=\dimen340
)
(/opt/homebrew/Cellar/texlive/20260301/share/texmf-dist/tex/generic/pgf/fronten
dlayer/tikz/libraries/tikzlibraryplotmarks.code.tex
File: tikzlibraryplotmarks.code.tex 2025-08-29 v3.1.11a (3.1.11a)

(/opt/homebrew/Cellar/texlive/20260301/share/texmf-dist/tex/generic/pgf/librari
es/pgflibraryplotmarks.code.tex
File: pgflibraryplotmarks.code.tex 2025-08-29 v3.1.11a (3.1.11a)
)))
(/opt/homebrew/Cellar/texlive/20260301/share/texmf-dist/tex/latex/bbm-macros/bb
m.sty
Package: bbm 1999/03/15 V 1.2 provides fonts for set symbols - TH
LaTeX Font Info:    Overwriting math alphabet `\mathbbm' in version `bold'
(Font)                  U/bbm/m/n --> U/bbm/bx/n on input line 33.
LaTeX Font Info:    Overwriting math alphabet `\mathbbmss' in version `bold'
(Font)                  U/bbmss/m/n --> U/bbmss/bx/n on input line 35.
)
(/opt/homebrew/Cellar/texlive/20260301/share/texmf-dist/tex/latex/tools/tabular
x.sty
Package: tabularx 2023/12/11 v2.12a `tabularx' package (DPC)

(/opt/homebrew/Cellar/texlive/20260301/share/texmf-dist/tex/latex/tools/array.s
ty
Package: array 2025/09/25 v2.6n Tabular extension package (FMi)
\col@sep=\dimen341
\ar@mcellbox=\box74
\extrarowheight=\dimen342
\NC@list=\toks53
\extratabsurround=\skip82
\backup@length=\skip83
\ar@cellbox=\box75
)
\TX@col@width=\dimen343
\TX@old@table=\dimen344
\TX@old@col=\dimen345
\TX@target=\dimen346
\TX@delta=\dimen347
\TX@cols=\count374
\TX@ftn=\toks54
)
(/opt/homebrew/Cellar/texlive/20260301/share/texmf-dist/tex/latex/siunitx/siuni
tx.sty
Package: siunitx 2025-07-09 v3.4.14 A comprehensive (SI) units package
\l__siunitx_number_uncert_offset_int=\count375
\l__siunitx_number_exponent_fixed_int=\count376
\l__siunitx_number_min_decimal_int=\count377
\l__siunitx_number_min_integer_int=\count378
\l__siunitx_number_round_precision_int=\count379
\l__siunitx_number_lower_threshold_int=\count380
\l__siunitx_number_upper_threshold_int=\count381
\l__siunitx_number_group_first_int=\count382
\l__siunitx_number_group_size_int=\count383
\l__siunitx_number_group_minimum_int=\count384
\l__siunitx_angle_tmp_dim=\dimen348
\l__siunitx_angle_marker_box=\box76
\l__siunitx_angle_unit_box=\box77
\l__siunitx_compound_count_int=\count385

(/opt/homebrew/Cellar/texlive/20260301/share/texmf-dist/tex/latex/translations/
translations.sty
Package: translations 2022/02/05 v1.12 internationalization of LaTeX2e packages
 (CN)
)
\l__siunitx_table_tmp_box=\box78
\l__siunitx_table_tmp_dim=\dimen349
\l__siunitx_table_column_width_dim=\dimen350
\l__siunitx_table_integer_box=\box79
\l__siunitx_table_decimal_box=\box80
\l__siunitx_table_uncert_box=\box81
\l__siunitx_table_before_box=\box82
\l__siunitx_table_after_box=\box83
\l__siunitx_table_before_dim=\dimen351
\l__siunitx_table_carry_dim=\dimen352
\l__siunitx_unit_tmp_int=\count386
\l__siunitx_unit_position_int=\count387
\l__siunitx_unit_total_int=\count388
)
(/opt/homebrew/Cellar/texlive/20260301/share/texmf-dist/tex/generic/pgf/fronten
dlayer/tikz/libraries/tikzlibraryscopes.code.tex
File: tikzlibraryscopes.code.tex 2025-08-29 v3.1.11a (3.1.11a)
)
(/opt/homebrew/Cellar/texlive/20260301/share/texmf-dist/tex/generic/pgf/fronten
dlayer/tikz/libraries/tikzlibrarybackgrounds.code.tex
File: tikzlibrarybackgrounds.code.tex 2025-08-29 v3.1.11a (3.1.11a)
\pgf@layerbox@background=\box84
\pgf@layerboxsaved@background=\box85
)
(/opt/homebrew/Cellar/texlive/20260301/share/texmf-dist/tex/generic/pgf/fronten
dlayer/tikz/libraries/tikzlibrarymatrix.code.tex
File: tikzlibrarymatrix.code.tex 2025-08-29 v3.1.11a (3.1.11a)
)
(/opt/homebrew/Cellar/texlive/20260301/share/texmf-dist/tex/generic/pgf/fronten
dlayer/tikz/libraries/tikzlibraryshapes.geometric.code.tex
File: tikzlibraryshapes.geometric.code.tex 2025-08-29 v3.1.11a (3.1.11a)

(/opt/homebrew/Cellar/texlive/20260301/share/texmf-dist/tex/generic/pgf/librari
es/shapes/pgflibraryshapes.geometric.code.tex
File: pgflibraryshapes.geometric.code.tex 2025-08-29 v3.1.11a (3.1.11a)
))
(/opt/homebrew/Cellar/texlive/20260301/share/texmf-dist/tex/generic/pgf/fronten
dlayer/tikz/libraries/tikzlibrarypatterns.code.tex
File: tikzlibrarypatterns.code.tex 2025-08-29 v3.1.11a (3.1.11a)

(/opt/homebrew/Cellar/texlive/20260301/share/texmf-dist/tex/generic/pgf/librari
es/pgflibrarypatterns.code.tex
File: pgflibrarypatterns.code.tex 2025-08-29 v3.1.11a (3.1.11a)
))
(/opt/homebrew/Cellar/texlive/20260301/share/texmf-dist/tex/generic/pgf/fronten
dlayer/tikz/libraries/tikzlibrarydecorations.markings.code.tex
(/opt/homebrew/Cellar/texlive/20260301/share/texmf-dist/tex/generic/pgf/librari
es/decorations/pgflibrarydecorations.markings.code.tex))
(/opt/homebrew/Cellar/texlive/20260301/share/texmf-dist/tex/generic/pgf/librari
es/pgflibraryarrows.meta.code.tex
File: pgflibraryarrows.meta.code.tex 2025-08-29 v3.1.11a (3.1.11a)
\pgfarrowinset=\dimen353
\pgfarrowlength=\dimen354
\pgfarrowwidth=\dimen355
\pgfarrowlinewidth=\dimen356
)
(/opt/homebrew/Cellar/texlive/20260301/share/texmf-dist/tex/generic/pgf/fronten
dlayer/tikz/libraries/tikzlibrarycalc.code.tex
File: tikzlibrarycalc.code.tex 2025-08-29 v3.1.11a (3.1.11a)
)
(/opt/homebrew/Cellar/texlive/20260301/share/texmf-dist/tex/generic/pgf/fronten
dlayer/tikz/libraries/tikzlibrarypositioning.code.tex
File: tikzlibrarypositioning.code.tex 2025-08-29 v3.1.11a (3.1.11a)
)
(/opt/homebrew/Cellar/texlive/20260301/share/texmf-dist/tex/generic/pgfplots/li
bs/tikzlibrarypgfplots.fillbetween.code.tex
(/opt/homebrew/Cellar/texlive/20260301/share/texmf-dist/tex/generic/pgfplots/pg
fcontrib/tikzlibraryfillbetween.code.tex
(/opt/homebrew/Cellar/texlive/20260301/share/texmf-dist/tex/generic/pgf/fronten
dlayer/tikz/libraries/tikzlibraryintersections.code.tex
(/opt/homebrew/Cellar/texlive/20260301/share/texmf-dist/tex/generic/pgf/librari
es/pgflibraryintersections.code.tex
\pgf@intersect@solutions=\count389
))
(/opt/homebrew/Cellar/texlive/20260301/share/texmf-dist/tex/generic/pgfplots/pg
fcontrib/tikzlibrarydecorations.softclip.code.tex
(/opt/homebrew/Cellar/texlive/20260301/share/texmf-dist/tex/generic/pgfplots/pg
fcontrib/pgflibraryfillbetween.code.tex)))
(/opt/homebrew/Cellar/texlive/20260301/share/texmf-dist/tex/generic/pgfplots/li
bs/tikzlibrarypgfplots.decorations.softclip.code.tex))
(/opt/homebrew/Cellar/texlive/20260301/share/texmf-dist/tex/generic/pgfplots/li
bs/tikzlibrarypgfplots.groupplots.code.tex
\pgfplots@group@current@plot=\count390
\pgfplots@group@current@row=\count391
\pgfplots@group@current@column=\count392
) (./final_3.aux (./Figures/Fig2a.aux) (./Figures/Fig2b.aux) (./Figures/Fig2c.a
ux) (./Figures/Fig4a.aux)
(./Figures/Fig4b.aux) (./Figures/Fig4c.aux) (./Figures/Fig5a.aux)
(./Figures/Fig5b.aux) (./Figures/Fig6a.aux) (./Figures/Fig6b.aux)
(./Figures/Fig7a.aux) (./Figures/Fig7b.aux) (./Figures/Fig7c.aux)
(./Figures/Fig8a.aux) (./Figures/Fig8b.aux) (./Figures/Fig8c.aux)
(./Figures/Fig8d.aux))
\openout1 = `final_3.aux'.

LaTeX Font Info:    Checking defaults for OML/cmm/m/it on input line 71.
LaTeX Font Info:    ... okay on input line 71.
LaTeX Font Info:    Checking defaults for OMS/cmsy/m/n on input line 71.
LaTeX Font Info:    ... okay on input line 71.
LaTeX Font Info:    Checking defaults for OT1/cmr/m/n on input line 71.
LaTeX Font Info:    ... okay on input line 71.
LaTeX Font Info:    Checking defaults for T1/cmr/m/n on input line 71.
LaTeX Font Info:    ... okay on input line 71.
LaTeX Font Info:    Checking defaults for TS1/cmr/m/n on input line 71.
LaTeX Font Info:    ... okay on input line 71.
LaTeX Font Info:    Checking defaults for OMX/cmex/m/n on input line 71.
LaTeX Font Info:    ... okay on input line 71.
LaTeX Font Info:    Checking defaults for U/cmr/m/n on input line 71.
LaTeX Font Info:    ... okay on input line 71.
LaTeX Font Info:    Checking defaults for PD1/pdf/m/n on input line 71.
LaTeX Font Info:    ... okay on input line 71.
LaTeX Font Info:    Checking defaults for PU/pdf/m/n on input line 71.
LaTeX Font Info:    ... okay on input line 71.

(/opt/homebrew/Cellar/texlive/20260301/share/texmf-dist/tex/context/base/mkii/s
upp-pdf.mkii
[Loading MPS to PDF converter (version 2006.09.02).]
\scratchcounter=\count393
\scratchdimen=\dimen357
\scratchbox=\box86
\nofMPsegments=\count394
\nofMParguments=\count395
\everyMPshowfont=\toks55
\MPscratchCnt=\count396
\MPscratchDim=\dimen358
\MPnumerator=\count397
\makeMPintoPDFobject=\count398
\everyMPtoPDFconversion=\toks56
)
(/opt/homebrew/Cellar/texlive/20260301/share/texmf-dist/tex/latex/epstopdf-pkg/
epstopdf-base.sty
Package: epstopdf-base 2020-01-24 v2.11 Base part for package epstopdf
Package epstopdf-base Info: Redefining graphics rule for `.eps' on input line 4
85.

(/opt/homebrew/Cellar/texlive/20260301/share/texmf-dist/tex/latex/latexconfig/e
pstopdf-sys.cfg
File: epstopdf-sys.cfg 2010/07/13 v1.3 Configuration of (r)epstopdf for TeX Liv
e
))
*geometry* driver: auto-detecting
*geometry* detected driver: pdftex
*geometry* verbose mode - [ preamble ] result:
* driver: pdftex
* paper: letterpaper
* layout: <same size as paper>
* layoutoffset:(h,v)=(0.0pt,0.0pt)
* modes: 
* h-part:(L,W,R)=(56.9055pt, 500.484pt, 56.9055pt)
* v-part:(T,H,B)=(64.01869pt, 666.9326pt, 64.01869pt)
* \paperwidth=614.295pt
* \paperheight=794.96999pt
* \textwidth=500.484pt
* \textheight=666.9326pt
* \oddsidemargin=-15.36449pt
* \evensidemargin=-15.36449pt
* \topmargin=-45.2513pt
* \headheight=12.0pt
* \headsep=25.0pt
* \topskip=10.0pt
* \footskip=30.0pt
* \marginparwidth=65.0pt
* \marginparsep=11.0pt
* \columnsep=15.6491pt
* \skip\footins=9.0pt plus 4.0pt minus 2.0pt
* \hoffset=0.0pt
* \voffset=0.0pt
* \mag=1000
* \@twocolumnfalse
* \@twosidefalse
* \@mparswitchfalse
* \@reversemarginfalse
* (1in=72.27pt=25.4mm, 1cm=28.453pt)

Package caption Info: Begin \AtBeginDocument code.
Package caption Info: hyperref package is loaded.
Package caption Info: wrapfig package is loaded.
Package caption Info: End \AtBeginDocument code.
Package hyperref Info: Link coloring ON on input line 71.
(./final_3.out) (./final_3.out)
\@outlinefile=\write5
\openout5 = `final_3.out'.

Package microtype Info: Patching varwidth to enable character protrusion.
\MT@vwid@leftmargin=\dimen359
\MT@vwid@rightmargin=\dimen360
LaTeX Info: Redefining \microtypecontext on input line 71.
Package microtype Info: Applying patch `item' on input line 71.
Package microtype Info: Applying patch `toc' on input line 71.
Package microtype Info: Applying patch `eqnum' on input line 71.
Package microtype Info: Applying patch `footnote' on input line 71.
Package microtype Info: Applying patch `verbatim' on input line 71.
LaTeX Info: Redefining \microtypesetup on input line 71.
Package microtype Info: Generating PDF output.
Package microtype Info: Character protrusion enabled (level 2).
Package microtype Info: Using default protrusion set `alltext'.
Package microtype Info: Automatic font expansion enabled (level 2),
(microtype)             stretch: 20, shrink: 20, step: 1, non-selected.
Package microtype Info: Using default expansion set `alltext-nott'.
Package microtype Info: Patching command `\showhyphens'.
Package microtype Info: No adjustment of tracking.
Package microtype Info: No adjustment of interword spacing.
Package microtype Info: No adjustment of character kerning.

(/opt/homebrew/Cellar/texlive/20260301/share/texmf-dist/tex/latex/microtype/mt-
ptm.cfg
File: mt-ptm.cfg 2006/04/20 v1.7 microtype config. file: Times (RS)
)
Package pgfplots notification 'compat/show suggested version=true': document ha
s been generated with the most recent feature set (\pgfplotsset{compat=1.18}).


(/opt/homebrew/Cellar/texlive/20260301/share/texmf-dist/tex/latex/translations/
translations-basic-dictionary-english.trsl
File: translations-basic-dictionary-english.trsl (english translation file `tra
nslations-basic-dictionary')
)
Package translations Info: loading dictionary `translations-basic-dictionary' f
or `english'. on input line 71.
LaTeX Font Info:    Trying to load font information for T1+phv on input line 74
.

(/opt/homebrew/Cellar/texlive/20260301/share/texmf-dist/tex/latex/psnfss/t1phv.
fd
File: t1phv.fd 2020/03/25 scalable font definitions for T1/phv.
)
Package microtype Info: Loading generic protrusion settings for font family
(microtype)             `phv' (encoding: T1).
(microtype)             For optimal results, create family-specific settings.
(microtype)             See the microtype manual for details.
LaTeX Font Info:    Trying to load font information for OT1+phv on input line 7
4.

(/opt/homebrew/Cellar/texlive/20260301/share/texmf-dist/tex/latex/psnfss/ot1phv
.fd
File: ot1phv.fd 2020/03/25 scalable font definitions for OT1/phv.
)
Package microtype Info: Loading generic protrusion settings for font family
(microtype)             `phv' (encoding: OT1).
(microtype)             For optimal results, create family-specific settings.
(microtype)             See the microtype manual for details.
LaTeX Font Info:    Trying to load font information for OT1+ztmcm on input line
 74.

(/opt/homebrew/Cellar/texlive/20260301/share/texmf-dist/tex/latex/psnfss/ot1ztm
cm.fd
File: ot1ztmcm.fd 2000/01/03 Fontinst v1.801 font definitions for OT1/ztmcm.
)
Package microtype Info: Loading generic protrusion settings for font family
(microtype)             `ztmcm' (encoding: OT1).
(microtype)             For optimal results, create family-specific settings.
(microtype)             See the microtype manual for details.
LaTeX Font Info:    Trying to load font information for OML+ztmcm on input line
 74.

(/opt/homebrew/Cellar/texlive/20260301/share/texmf-dist/tex/latex/psnfss/omlztm
cm.fd
File: omlztmcm.fd 2000/01/03 Fontinst v1.801 font definitions for OML/ztmcm.
)
LaTeX Font Info:    Trying to load font information for OMS+ztmcm on input line
 74.

(/opt/homebrew/Cellar/texlive/20260301/share/texmf-dist/tex/latex/psnfss/omsztm
cm.fd
File: omsztmcm.fd 2000/01/03 Fontinst v1.801 font definitions for OMS/ztmcm.
)
LaTeX Font Info:    Trying to load font information for OMX+ztmcm on input line
 74.

(/opt/homebrew/Cellar/texlive/20260301/share/texmf-dist/tex/latex/psnfss/omxztm
cm.fd
File: omxztmcm.fd 2000/01/03 Fontinst v1.801 font definitions for OMX/ztmcm.
)
(/opt/homebrew/Cellar/texlive/20260301/share/texmf-dist/tex/latex/microtype/mt-
msa.cfg
File: mt-msa.cfg 2006/02/04 v1.1 microtype config. file: AMS symbols (a) (RS)
)
(/opt/homebrew/Cellar/texlive/20260301/share/texmf-dist/tex/latex/microtype/mt-
msb.cfg
File: mt-msb.cfg 2005/06/01 v1.0 microtype config. file: AMS symbols (b) (RS)
)
LaTeX Font Info:    Trying to load font information for OT1+ptm on input line 7
4.

(/opt/homebrew/Cellar/texlive/20260301/share/texmf-dist/tex/latex/psnfss/ot1ptm
.fd
File: ot1ptm.fd 2001/06/04 font definitions for OT1/ptm.
)
LaTeX Font Info:    Font shape `OT1/ptm/bx/n' in size <12> not available
(Font)              Font shape `OT1/ptm/b/n' tried instead on input line 74.
LaTeX Font Info:    Font shape `OT1/ptm/bx/n' in size <9> not available
(Font)              Font shape `OT1/ptm/b/n' tried instead on input line 74.
LaTeX Font Info:    Font shape `OT1/ptm/bx/n' in size <7> not available
(Font)              Font shape `OT1/ptm/b/n' tried instead on input line 74.
LaTeX Font Info:    Font shape `OT1/ptm/bx/n' in size <10> not available
(Font)              Font shape `OT1/ptm/b/n' tried instead on input line 74.
LaTeX Font Info:    Font shape `OT1/ptm/bx/n' in size <7.4> not available
(Font)              Font shape `OT1/ptm/b/n' tried instead on input line 74.
LaTeX Font Info:    Font shape `OT1/ptm/bx/n' in size <6> not available
(Font)              Font shape `OT1/ptm/b/n' tried instead on input line 74.
LaTeX Font Info:    Font shape `T1/phv/m/it' in size <9> not available
(Font)              Font shape `T1/phv/m/sl' tried instead on input line 74.


LaTeX Warning: Citation `Dang2020' on page 1 undefined on input line 83.


LaTeX Warning: Citation `DeAlwis2021' on page 1 undefined on input line 83.


LaTeX Warning: Citation `9766110' on page 1 undefined on input line 83.


LaTeX Warning: Citation `Ericsson2025' on page 1 undefined on input line 83.


LaTeX Warning: Citation `DeAlwis2021' on page 1 undefined on input line 83.


LaTeX Warning: Citation `10422992' on page 1 undefined on input line 83.


LaTeX Warning: Citation `Azari2022' on page 1 undefined on input line 83.


LaTeX Warning: Citation `Nokia2022' on page 1 undefined on input line 83.


LaTeX Warning: Citation `DeAlwis2021' on page 1 undefined on input line 83.


LaTeX Warning: Citation `Samsung2020' on page 1 undefined on input line 83.


LaTeX Warning: Citation `Boccardi2014' on page 1 undefined on input line 85.


LaTeX Warning: Citation `Chataut2020' on page 1 undefined on input line 85.


LaTeX Warning: Citation `Zhang2022OAM' on page 1 undefined on input line 85.


LaTeX Warning: Citation `Chen2020BeamSpace' on page 1 undefined on input line 8
5.


LaTeX Warning: Citation `Liu2022ISAC' on page 1 undefined on input line 85.


LaTeX Warning: Citation `Hoydis2021' on page 1 undefined on input line 85.


LaTeX Warning: Citation `Tang2024FR3' on page 1 undefined on input line 85.


LaTeX Warning: Citation `Chen2023' on page 1 undefined on input line 85.


LaTeX Warning: Citation `fi14040117' on page 1 undefined on input line 85.


LaTeX Warning: Citation `Rappaport2019' on page 1 undefined on input line 85.


LaTeX Warning: Citation `10494372' on page 1 undefined on input line 85.


LaTeX Warning: Citation `9269931' on page 1 undefined on input line 87.


LaTeX Warning: Citation `Kleine-Ostmann2011' on page 1 undefined on input line 
87.


LaTeX Warning: Citation `Dang2020' on page 1 undefined on input line 87.


LaTeX Warning: Citation `DeAlwis2021' on page 1 undefined on input line 87.


LaTeX Warning: Citation `Samsung2020' on page 1 undefined on input line 87.


LaTeX Warning: Citation `Rappaport2019' on page 1 undefined on input line 87.


LaTeX Warning: Citation `10494372' on page 1 undefined on input line 87.


LaTeX Warning: Citation `10171235' on page 1 undefined on input line 87.


LaTeX Warning: Citation `9766110' on page 1 undefined on input line 87.


LaTeX Warning: Citation `Nokia2022' on page 1 undefined on input line 87.


LaTeX Warning: Citation `10422992' on page 1 undefined on input line 89.


LaTeX Warning: Citation `Yu2025Research' on page 1 undefined on input line 89.


LaTeX Warning: Citation `Kleine-Ostmann2011' on page 1 undefined on input line 
89.


LaTeX Warning: Citation `10494372' on page 1 undefined on input line 89.


LaTeX Warning: Citation `Jornet2023' on page 1 undefined on input line 89.


LaTeX Warning: Citation `Kleine-Ostmann2011' on page 1 undefined on input line 
89.

[1

{/opt/homebrew/Cellar/texlive/20260301/share/texmf-dist/fonts/map/pdftex/updmap
/pdftex.map}{/opt/homebrew/Cellar/texlive/20260301/share/texmf-dist/fonts/enc/d
vips/base/8r.enc}]

LaTeX Warning: Citation `9766110' on page 2 undefined on input line 91.


LaTeX Warning: Citation `10579941' on page 2 undefined on input line 91.


LaTeX Warning: Citation `Yu2025Research' on page 2 undefined on input line 91.


LaTeX Warning: Citation `9798100' on page 2 undefined on input line 91.


LaTeX Warning: Citation `10704668' on page 2 undefined on input line 91.


LaTeX Warning: Citation `Sen2023' on page 2 undefined on input line 93.


LaTeX Warning: Citation `Li2024THz84Gbps' on page 2 undefined on input line 93.



LaTeX Warning: Citation `Samsung2021_140GHz' on page 2 undefined on input line 
93.


LaTeX Warning: Citation `Han2025THz_ISAC' on page 2 undefined on input line 93.



LaTeX Warning: Citation `Petrov2023Mobile' on page 2 undefined on input line 93
.


LaTeX Warning: Citation `Stepanov2021' on page 2 undefined on input line 93.


LaTeX Warning: Citation `Wang2022' on page 2 undefined on input line 93.


LaTeX Warning: Citation `Petrov2023Mobile' on page 2 undefined on input line 93
.


LaTeX Warning: Citation `10036372' on page 2 undefined on input line 93.


LaTeX Warning: Citation `Petrov2023Mobile' on page 2 undefined on input line 93
.


LaTeX Warning: Citation `Azari2022' on page 2 undefined on input line 93.


LaTeX Warning: Citation `Giordani2018ATO' on page 2 undefined on input line 95.



LaTeX Warning: Citation `10422712' on page 2 undefined on input line 95.


LaTeX Warning: Citation `Wang2022' on page 2 undefined on input line 95.


LaTeX Warning: Citation `8455289' on page 2 undefined on input line 95.


LaTeX Warning: Citation `9145366' on page 2 undefined on input line 95.


LaTeX Warning: Citation `10067030' on page 2 undefined on input line 95.


LaTeX Warning: Citation `10123123' on page 2 undefined on input line 95.


LaTeX Warning: Citation `Wang2022' on page 2 undefined on input line 95.


LaTeX Warning: Citation `10494372' on page 2 undefined on input line 95.


LaTeX Warning: Citation `Azari2022' on page 2 undefined on input line 95.


LaTeX Warning: Citation `Nokia2022' on page 2 undefined on input line 95.


LaTeX Warning: Citation `Chen2023' on page 2 undefined on input line 95.


LaTeX Warning: Citation `Jornet2023' on page 2 undefined on input line 95.


LaTeX Warning: Citation `10422712' on page 2 undefined on input line 95.


LaTeX Warning: Citation `5GPPP_Automotive_Vision_2015' on page 2 undefined on i
nput line 95.


LaTeX Warning: Citation `10036372' on page 2 undefined on input line 95.


LaTeX Warning: Citation `9391649' on page 2 undefined on input line 95.


LaTeX Warning: Citation `electronics8020142' on page 2 undefined on input line 
95.


LaTeX Warning: Citation `s21082723' on page 2 undefined on input line 95.


LaTeX Warning: Citation `9814507' on page 2 undefined on input line 95.


LaTeX Warning: Citation `Alrabeiah2020DeepLearning' on page 2 undefined on inpu
t line 97.


LaTeX Warning: Citation `Alkhateeb2023DeepSense' on page 2 undefined on input l
ine 97.


LaTeX Warning: Citation `Jiang2023LiDAR' on page 2 undefined on input line 97.


LaTeX Warning: Citation `Morais2023Position' on page 2 undefined on input line 
97.


LaTeX Warning: Citation `Rezaie2022Orientation' on page 2 undefined on input li
ne 97.


LaTeX Warning: Citation `Struye2023CoVRage' on page 2 undefined on input line 9
7.


LaTeX Warning: Citation `Alkhateeb2018DLCB' on page 2 undefined on input line 9
7.


LaTeX Warning: Citation `Xue2023Standardization' on page 2 undefined on input l
ine 97.


LaTeX Warning: Citation `Heng2021SixChallenges' on page 2 undefined on input li
ne 97.


LaTeX Warning: Citation `9838772' on page 2 undefined on input line 97.


LaTeX Warning: Citation `Giordani2018ATO' on page 2 undefined on input line 97.



LaTeX Warning: Citation `Heng2021SixChallenges' on page 2 undefined on input li
ne 97.


LaTeX Warning: Citation `Brambilla_2019' on page 2 undefined on input line 97.


LaTeX Warning: Citation `9838772' on page 2 undefined on input line 97.


LaTeX Warning: Citation `Brambilla_2019' on page 2 undefined on input line 97.


LaTeX Warning: Citation `HOSSAIN2019100004' on page 2 undefined on input line 9
9.


LaTeX Warning: Citation `10367974' on page 2 undefined on input line 99.


LaTeX Warning: Citation `rose2015simone' on page 2 undefined on input line 99.


LaTeX Warning: Citation `eckhardt2022modular' on page 2 undefined on input line
 99.


LaTeX Warning: Citation `tarboush2021teramimo' on page 2 undefined on input lin
e 99.


LaTeX Warning: Citation `bodet2023directional' on page 2 undefined on input lin
e 99.


LaTeX Warning: Citation `Petrov2023Mobile' on page 2 undefined on input line 99
.


LaTeX Warning: Citation `Abdulwahab2020' on page 2 undefined on input line 99.


LaTeX Warning: Citation `Keshavamurthy2022' on page 2 undefined on input line 9
9.


LaTeX Warning: Citation `AlAkkoumi2008' on page 2 undefined on input line 99.

[2]
<Figures/Fig1.pdf, id=25, 328.3467pt x 145.50359pt>
File: Figures/Fig1.pdf Graphic file (type pdf)
<use Figures/Fig1.pdf>
Package pdftex.def Info: Figures/Fig1.pdf  used on input line 113.
(pdftex.def)             Requested size: 475.45825pt x 210.69504pt.


LaTeX Warning: Citation `Giordani2018ATO' on page 3 undefined on input line 121
.


LaTeX Warning: Citation `Wang2022' on page 3 undefined on input line 121.


LaTeX Warning: Citation `Kleine-Ostmann2011' on page 3 undefined on input line 
121.


LaTeX Warning: Citation `photonics11060540' on page 3 undefined on input line 1
36.


LaTeX Warning: Citation `Giordani2018ATO' on page 3 undefined on input line 136
.


LaTeX Warning: Citation `Heng2021SixChallenges' on page 3 undefined on input li
ne 136.


LaTeX Warning: Citation `s141019622' on page 3 undefined on input line 136.


LaTeX Warning: Citation `Brambilla_2019' on page 3 undefined on input line 136.



LaTeX Warning: Citation `9391649' on page 3 undefined on input line 136.


Underfull \vbox (badness 1688) has occurred while \output is active []

 [3 <./Figures/Fig1.pdf>]

LaTeX Warning: Citation `9013236' on page 4 undefined on input line 147.

\openout2 = `Figures/Fig2a.aux'.

(./Figures/Fig2a.tex
LaTeX Font Info:    Font shape `OT1/ptm/bx/n' in size <5> not available
(Font)              Font shape `OT1/ptm/b/n' tried instead on input line 101.
)
\openout2 = `Figures/Fig2b.aux'.

 (./Figures/Fig2b.tex)
\openout2 = `Figures/Fig2c.aux'.

 (./Figures/Fig2c.tex)
LaTeX Font Info:    Font shape `OT1/ptm/bx/n' in size <8> not available
(Font)              Font shape `OT1/ptm/b/n' tried instead on input line 186.
 [4









]
(./Figures/Fig3a.tex) (./Figures/Fig3b.tex)
Underfull \hbox (badness 10000) in paragraph at lines 292--246
[][]
 []

(./Figures/Fig3c.tex)
Underfull \hbox (badness 10000) in paragraph at lines 73--253
[][]
 []

[5]
\openout2 = `Figures/Fig4a.aux'.

 (./Figures/Fig4a.tex)
\openout2 = `Figures/Fig4b.aux'.

 (./Figures/Fig4b.tex)
\openout2 = `Figures/Fig4c.aux'.

 (./Figures/Fig4c.tex)

LaTeX Warning: Citation `9391649' on page 6 undefined on input line 345.

[6









]

LaTeX Warning: Citation `Dang2020' on page 7 undefined on input line 353.


LaTeX Warning: Citation `Nokia2022' on page 7 undefined on input line 353.

\openout2 = `Figures/Fig5a.aux'.

(./Figures/Fig5a.tex)
Overfull \hbox (3.36444pt too wide) in paragraph at lines 283--358
[][] 
 []

\openout2 = `Figures/Fig5b.aux'.

(./Figures/Fig5b.tex)
Overfull \hbox (1.11775pt too wide) in paragraph at lines 284--365
[][] 
 []

\openout2 = `Figures/Fig6a.aux'.

(./Figures/Fig6a.tex)
\openout2 = `Figures/Fig6b.aux'.

 (./Figures/Fig6b.tex) [7












]
\openout2 = `Figures/Fig7a.aux'.

 (./Figures/Fig7a.tex)
\openout2 = `Figures/Fig7b.aux'.


(./Figures/Fig7b.tex
Overfull \hbox (0.775pt too wide) in paragraph at lines 286--286
 [][]$\OT1/ztmcm/m/n/9 100$
 []

)
\openout2 = `Figures/Fig7c.aux'.

 (./Figures/Fig7c.tex)
\openout2 = `Figures/Fig8a.aux'.

 (./Figures/Fig8a.tex
Package pgfplots info on input line 306: fill between: activating layered graph
ics
\pgf@layerbox@axis background=\box87
\pgf@layerboxsaved@axis background=\box88
\pgf@layerbox@axis grid=\box89
\pgf@layerboxsaved@axis grid=\box90
\pgf@layerbox@axis ticks=\box91
\pgf@layerboxsaved@axis ticks=\box92
\pgf@layerbox@axis lines=\box93
\pgf@layerboxsaved@axis lines=\box94
\pgf@layerbox@axis tick labels=\box95
\pgf@layerboxsaved@axis tick labels=\box96
\pgf@layerbox@pre main=\box97
\pgf@layerboxsaved@pre main=\box98
\pgf@layerbox@axis descriptions=\box99
\pgf@layerboxsaved@axis descriptions=\box100
\pgf@layerbox@axis foreground=\box101
\pgf@layerboxsaved@axis foreground=\box102
Package pgfplots info on input line 306: Setting layers 'axis background,axis g
rid,axis ticks,axis lines,axis tick labels,pre main,main,axis descriptions,axis
 foreground'...
)
LaTeX Font Info:    Trying to load font information for TS1+ptm on input line 4
95.

(/opt/homebrew/Cellar/texlive/20260301/share/texmf-dist/tex/latex/psnfss/ts1ptm
.fd
File: ts1ptm.fd 2001/06/04 font definitions for TS1/ptm.
)
\openout2 = `Figures/Fig8b.aux'.

 (./Figures/Fig8b.tex
Package pgfplots info on input line 306: fill between: activating layered graph
ics
Package pgfplots info on input line 306: Setting layers 'axis background,axis g
rid,axis ticks,axis lines,axis tick labels,pre main,main,axis descriptions,axis
 foreground'...
)
\openout2 = `Figures/Fig8c.aux'.

 (./Figures/Fig8c.tex
Package pgfplots info on input line 306: fill between: activating layered graph
ics
Package pgfplots info on input line 306: Setting layers 'axis background,axis g
rid,axis ticks,axis lines,axis tick labels,pre main,main,axis descriptions,axis
 foreground'...
)
\openout2 = `Figures/Fig8d.aux'.

 (./Figures/Fig8d.tex
Package pgfplots info on input line 306: fill between: activating layered graph
ics
Package pgfplots info on input line 306: Setting layers 'axis background,axis g
rid,axis ticks,axis lines,axis tick labels,pre main,main,axis descriptions,axis
 foreground'...
) [8









]

LaTeX Warning: Citation `s141019622' on page 9 undefined on input line 576.


LaTeX Warning: Citation `Brambilla_2019' on page 9 undefined on input line 576.


[9












]

LaTeX Warning: Citation `Jacobson1988' on page 10 undefined on input line 586.


LaTeX Warning: Citation `10036372' on page 10 undefined on input line 590.

[10]

LaTeX Warning: Citation `our_code' on page 11 undefined on input line 621.


LaTeX Warning: Citation `10758041' on page 11 undefined on input line 621.


(/opt/homebrew/Cellar/texlive/20260301/share/texmf-dist/tex/latex/bbm-macros/ub
bm.fd)

LaTeX Warning: Float too large for page by 75.97371pt on input line 707.

<Figures/Fig9.pdf, id=196, 179.7114pt x 163.57109pt>
File: Figures/Fig9.pdf Graphic file (type pdf)
<use Figures/Fig9.pdf>
Package pdftex.def Info: Figures/Fig9.pdf  used on input line 715.
(pdftex.def)             Requested size: 200.19054pt x 182.21747pt.

LaTeX Warning: Citation `photonics11060540' on page 11 undefined on input line 
743.


LaTeX Warning: Citation `Giordani2018ATO' on page 11 undefined on input line 74
3.


LaTeX Warning: Citation `Heng2021SixChallenges' on page 11 undefined on input l
ine 743.

[11]
<Figures/Fig10.pdf, id=210, 614.295pt x 794.97pt>
File: Figures/Fig10.pdf Graphic file (type pdf)
<use Figures/Fig10.pdf>
Package pdftex.def Info: Figures/Fig10.pdf  used on input line 757.
(pdftex.def)             Requested size: 200.19054pt x 259.06573pt.


LaTeX Warning: Citation `8455289' on page 12 undefined on input line 785.


LaTeX Warning: Citation `9145366' on page 12 undefined on input line 785.

LaTeX Font Info:    Font shape `T1/phv/b/it' in size <9> not available
(Font)              Font shape `T1/phv/b/sl' tried instead on input line 803.
[12 <./Figures/Fig9.pdf> <./Figures/Fig10.pdf>] (./Figures/RebFigB_EoC.tex)

LaTeX Warning: Citation `Brossard2020AIIMU' on page 13 undefined on input line 
820.


LaTeX Warning: Citation `Chen2024DLInertial' on page 13 undefined on input line
 820.


LaTeX Warning: Citation `Skog2010ZUPT' on page 13 undefined on input line 820.

[13]

LaTeX Warning: Citation `9269931' on page 14 undefined on input line 836.

(./Figures/RebFig_Tuning_HSIMU.tex)

LaTeX Warning: `!h' float specifier changed to `!ht'.

(./Figures/RebFig_Tuning_JITeta.tex)

LaTeX Warning: `!h' float specifier changed to `!ht'.

(./Figures/RebFig_Robustness_TimeScales.tex
Package pgfplots info on input line 16: Using 'lua backend=false' for axis: xmo
de=log unsupported (yet).
Package pgfplots info on input line 180: Using 'lua backend=false' for axis: xm
ode=log unsupported (yet).
)

LaTeX Warning: `!h' float specifier changed to `!ht'.


LaTeX Warning: Citation `Perlin2002' on page 14 undefined on input line 903.

[14]
Underfull \vbox (badness 10000) has occurred while \output is active []

 [15]

LaTeX Warning: Citation `Shoemake1985SLERP' on page 16 undefined on input line 
914.

[16]
<Figures/Fig11.pdf, id=325, 1061.88712pt x 383.51279pt>
File: Figures/Fig11.pdf Graphic file (type pdf)
<use Figures/Fig11.pdf>
Package pdftex.def Info: Figures/Fig11.pdf  used on input line 965.
(pdftex.def)             Requested size: 500.484pt x 180.75429pt.
 [17]

LaTeX Warning: Citation `Proakis2008' on page 18 undefined on input line 999.

[18 <./Figures/Fig11.pdf>]
LaTeX Font Info:    Trying to load font information for T1+pcr on input line 10
43.

(/opt/homebrew/Cellar/texlive/20260301/share/texmf-dist/tex/latex/psnfss/t1pcr.
fd
File: t1pcr.fd 2001/06/04 font definitions for T1/pcr.
)
Package microtype Info: Loading generic protrusion settings for font family
(microtype)             `pcr' (encoding: T1).
(microtype)             For optimal results, create family-specific settings.
(microtype)             See the microtype manual for details.
 [19] (./final_3.bbl) [20] [21] [22]

enddocument/afterlastpage (AED): lastpage setting LastPage.
(./final_3.aux (./Figures/Fig2a.aux) (./Figures/Fig2b.aux) (./Figures/Fig2c.aux
) (./Figures/Fig4a.aux) (./Figures/Fig4b.aux) (./Figures/Fig4c.aux)
(./Figures/Fig5a.aux) (./Figures/Fig5b.aux) (./Figures/Fig6a.aux)
(./Figures/Fig6b.aux) (./Figures/Fig7a.aux) (./Figures/Fig7b.aux)
(./Figures/Fig7c.aux) (./Figures/Fig8a.aux) (./Figures/Fig8b.aux)
(./Figures/Fig8c.aux) (./Figures/Fig8d.aux))
 ***********
LaTeX2e <2025-11-01>
L3 programming layer <2026-01-19>
 ***********


LaTeX Warning: There were undefined references.


LaTeX Warning: Label(s) may have changed. Rerun to get cross-references right.

Package rerunfilecheck Info: File `final_3.out' has not changed.
(rerunfilecheck)             Checksum: D41D8CD98F00B204E9800998ECF8427E;0.
 ) 
Here is how much of TeX's memory you used:
 58100 strings out of 467525
 1412289 string characters out of 5408440
 2941303 words of memory out of 5000000
 85390 multiletter control sequences out of 15000+600000
 765443 words of font info for 538 fonts, out of 8000000 for 9000
 1141 hyphenation exceptions out of 8191
 100i,21n,108p,2316b,2556s stack positions out of 10000i,1000n,20000p,200000b,200000s
 </Users/sergeypetrushkevich/.texlive2026/texmf-var/fonts/pk/ljfour/public/bb
m/bbm9.600pk> </Users/sergeypetrushkevich/.texlive2026/texmf-var/fonts/pk/ljfou
r/public/bbm/bbm10.600pk></opt/homebrew/Cellar/texlive/20260301/share/texmf-dis
t/fonts/type1/public/amsfonts/cm/cmex10.pfb></opt/homebrew/Cellar/texlive/20260
301/share/texmf-dist/fonts/type1/public/amsfonts/cm/cmmi10.pfb></opt/homebrew/C
ellar/texlive/20260301/share/texmf-dist/fonts/type1/public/amsfonts/cm/cmr10.pf
b></opt/homebrew/Cellar/texlive/20260301/share/texmf-dist/fonts/type1/public/am
sfonts/cm/cmsy10.pfb></opt/homebrew/Cellar/texlive/20260301/share/texmf-dist/fo
nts/type1/public/amsfonts/symbols/msam10.pfb></opt/homebrew/Cellar/texlive/2026
0301/share/texmf-dist/fonts/type1/public/amsfonts/symbols/msbm10.pfb></opt/home
brew/Cellar/texlive/20260301/share/texmf-dist/fonts/type1/public/rsfs/rsfs10.pf
b></opt/homebrew/Cellar/texlive/20260301/share/texmf-dist/fonts/type1/urw/couri
er/ucrr8a.pfb></opt/homebrew/Cellar/texlive/20260301/share/texmf-dist/fonts/typ
e1/urw/helvetic/uhvb8a.pfb></opt/homebrew/Cellar/texlive/20260301/share/texmf-d
ist/fonts/type1/urw/helvetic/uhvbo8a.pfb></opt/homebrew/Cellar/texlive/20260301
/share/texmf-dist/fonts/type1/urw/helvetic/uhvr8a.pfb></opt/homebrew/Cellar/tex
live/20260301/share/texmf-dist/fonts/type1/urw/helvetic/uhvro8a.pfb></opt/homeb
rew/Cellar/texlive/20260301/share/texmf-dist/fonts/type1/urw/symbol/usyr.pfb></
opt/homebrew/Cellar/texlive/20260301/share/texmf-dist/fonts/type1/urw/symbol/us
yr.pfb></opt/homebrew/Cellar/texlive/20260301/share/texmf-dist/fonts/type1/urw/
times/utmb8a.pfb></opt/homebrew/Cellar/texlive/20260301/share/texmf-dist/fonts/
type1/urw/times/utmbi8a.pfb></opt/homebrew/Cellar/texlive/20260301/share/texmf-
dist/fonts/type1/urw/times/utmr8a.pfb></opt/homebrew/Cellar/texlive/20260301/sh
are/texmf-dist/fonts/type1/urw/times/utmri8a.pfb>
Output written on final_3.pdf (22 pages, 2667638 bytes).
PDF statistics:
 495 PDF objects out of 1000 (max. 8388607)
 390 compressed objects within 4 object streams
 66 named destinations out of 1000 (max. 500000)
 164385 words of extra memory for PDF output out of 184870 (max. 10000000)

